../Core/Src/main.c:761:9:SD_ReadData	608	static
../Core/Src/main.c:865:9:SD_WriteData	608	static
../Core/Src/main.c:973:6:ReadFlashParams	8	static
../Core/Src/main.c:1027:6:InitReadFlashParams	8	static
../Core/Src/main.c:1040:9:decToBcd	16	static
../Core/Src/main.c:1047:5:bcdToDec	16	static
../Core/Src/main.c:1054:13:SetDateDS	48	static
../Core/Src/main.c:1069:13:SetTimeDS	40	static
../Core/Src/main.c:1082:6:Get_Time	32	static
../Core/Src/main.c:1099:7:Get_Temp	40	static
../Core/Src/main.c:1109:6:force_temp_conv	32	static
../Core/Src/main.c:1133:6:OLED_DrawStr_RuModified	16	static
../Core/Src/main.c:1141:6:OLED_DrawStr_EnModified	16	static
../Core/Src/main.c:1149:6:OLED_DrawChar_Modified	24	static
../Core/Src/main.c:1158:6:OLED_DrawLine_Modified	40	static
../Core/Src/main.c:1197:6:OLED_DrawTriangleFill_Modified	64	static
../Core/Src/main.c:1252:6:OLED_DrawCircle_Modified	40	static
../Core/Src/main.c:1292:6:OLED_DrawCircleFill_Modified	48	static
../Core/Src/main.c:1333:6:DrawDayOfWeek	16	static
../Core/Src/main.c:1387:6:DrawTime	24	static
../Core/Src/main.c:1442:6:DrawDate	24	static
../Core/Src/main.c:1496:6:BuildSetDate	4	static
../Core/Src/main.c:1506:6:DrawSetDate	24	static
../Core/Src/main.c:1560:6:SetDate	8	static
../Core/Src/main.c:1571:6:BuildSetDayOfWeek	4	static
../Core/Src/main.c:1579:6:DrawSetDayOfWeek	16	static
../Core/Src/main.c:1632:6:SetDayOfWeek	8	static
../Core/Src/main.c:1644:6:BuildSetTime	4	static
../Core/Src/main.c:1685:6:DrawSetTime	32	static
../Core/Src/main.c:1747:6:DrawSetDurationWater	32	static
../Core/Src/main.c:1797:6:SetTimeSMH	8	static
../Core/Src/main.c:1835:6:BuildSetScreenAutoOff	4	static
../Core/Src/main.c:1844:6:DrawSetScreenOff	32	static
../Core/Src/main.c:1894:6:SetScreenOff	8	static
../Core/Src/main.c:1907:6:InitScreenOff	8	static
../Core/Src/main.c:1931:6:BuildSetDaysWater	4	static
../Core/Src/main.c:1938:6:DrawSetDaysWater	32	static
../Core/Src/main.c:2058:6:SetDaysWater	8	static
../Core/Src/main.c:2070:6:DrawWateringParamsPt1	24	static
../Core/Src/main.c:2127:6:DrawWateringParamsPt2	24	static
../Core/Src/main.c:2247:6:IsSetDateFinished	4	static
../Core/Src/main.c:2259:6:IsSetDayOfWeekFinished	4	static
../Core/Src/main.c:2271:6:IsSetTimeWaterFinished	4	static
../Core/Src/main.c:2283:6:IsSetTimeDurationWaterFinished	4	static
../Core/Src/main.c:2295:6:IsSetTimeDaysWaterFinished	4	static
../Core/Src/main.c:2307:6:IsSetTimeFinished	4	static
../Core/Src/main.c:2320:6:IsSetScreenOffFinished	4	static
../Core/Src/main.c:2332:6:EmergencyTerminationOfWatering	8	static
../Core/Src/main.c:2347:6:IsTodayWateringDay	4	static
../Core/Src/main.c:2390:6:IsTimeToStartWatering	8	static
../Core/Src/main.c:2471:6:BuildFrame	40	static
../Core/Src/main.c:5223:6:IsFrameChanged	4	static
../Core/Src/main.c:5240:6:BlockDrawCursor	4	static
../Core/Src/main.c:5407:6:DrawCursor	16	static
../Core/Src/main.c:5427:6:CursorPossiblePositions	16	static
../Core/Src/main.c:5602:6:DefaultCursorPositions	16	static
../Core/Src/main.c:5620:6:SetCursorPositions	8	static
../Core/Src/main.c:5633:6:BlockCursorMoveDown	4	static
../Core/Src/main.c:5721:6:BlockCursorMoveUp	4	static
../Core/Src/main.c:5810:6:ButtonsPress	16	static
../Core/Src/main.c:8014:6:DrawErrorFrame	16	static
../Core/Src/main.c:8049:6:CheckFatalErrors	4	static
../Core/Src/main.c:8066:6:CheckWaterLeak	4	static
../Core/Src/main.c:8090:6:LED_Control	16	static
../Core/Src/main.c:8147:6:IsWaterLevelChanged	4	static
../Core/Src/main.c:8161:6:ADC_DataProcessing	24	static
../Core/Src/main.c:8295:6:MountDisk	8	static
../Core/Src/main.c:8305:6:InitAll	8	static
../Core/Src/main.c:8355:6:DrawSleepFrame	16	static
../Core/Src/main.c:8373:5:main	8	static
../Core/Src/main.c:8501:6:SystemClock_Config	88	static
../Core/Src/main.c:8547:13:MX_ADC1_Init	24	static
../Core/Src/main.c:8608:13:MX_CRC_Init	8	static
../Core/Src/main.c:8634:13:MX_I2C1_Init	8	static
../Core/Src/main.c:8668:13:MX_I2C2_Init	8	static
../Core/Src/main.c:8702:13:MX_SPI1_Init	8	static
../Core/Src/main.c:8740:13:MX_TIM2_Init	32	static
../Core/Src/main.c:8785:13:MX_TIM3_Init	32	static
../Core/Src/main.c:8830:13:MX_TIM4_Init	32	static
../Core/Src/main.c:8875:13:MX_TIM5_Init	32	static
../Core/Src/main.c:8918:13:MX_DMA_Init	16	static
../Core/Src/main.c:8942:13:MX_GPIO_Init	40	static
../Core/Src/main.c:9000:6:Error_Handler	4	static,ignoring_inline_asm
