Archive member included to satisfy reference by file (symbol)

D:/STM32/stm32cubeide/STM32CubeIDE/plugins/com.st.stm32cube.ide.mcu.externaltools.gnu-tools-for-stm32.12.3.rel1.win32_1.0.200.202406191623/tools/bin/../lib/gcc/arm-none-eabi/12.3.1/../../../../arm-none-eabi/lib/thumb/v7e-m+fp/hard\libc_nano.a(libc_a-exit.o)
                              D:/STM32/stm32cubeide/STM32CubeIDE/plugins/com.st.stm32cube.ide.mcu.externaltools.gnu-tools-for-stm32.12.3.rel1.win32_1.0.200.202406191623/tools/bin/../lib/gcc/arm-none-eabi/12.3.1/../../../../arm-none-eabi/lib/thumb/v7e-m+fp/hard/crt0.o (exit)
D:/STM32/stm32cubeide/STM32CubeIDE/plugins/com.st.stm32cube.ide.mcu.externaltools.gnu-tools-for-stm32.12.3.rel1.win32_1.0.200.202406191623/tools/bin/../lib/gcc/arm-none-eabi/12.3.1/../../../../arm-none-eabi/lib/thumb/v7e-m+fp/hard\libc_nano.a(libc_a-realloc.o)
                              ./Core/Src/keyboard.o (realloc)
D:/STM32/stm32cubeide/STM32CubeIDE/plugins/com.st.stm32cube.ide.mcu.externaltools.gnu-tools-for-stm32.12.3.rel1.win32_1.0.200.202406191623/tools/bin/../lib/gcc/arm-none-eabi/12.3.1/../../../../arm-none-eabi/lib/thumb/v7e-m+fp/hard\libc_nano.a(libc_a-reallocr.o)
                              D:/STM32/stm32cubeide/STM32CubeIDE/plugins/com.st.stm32cube.ide.mcu.externaltools.gnu-tools-for-stm32.12.3.rel1.win32_1.0.200.202406191623/tools/bin/../lib/gcc/arm-none-eabi/12.3.1/../../../../arm-none-eabi/lib/thumb/v7e-m+fp/hard\libc_nano.a(libc_a-realloc.o) (_realloc_r)
D:/STM32/stm32cubeide/STM32CubeIDE/plugins/com.st.stm32cube.ide.mcu.externaltools.gnu-tools-for-stm32.12.3.rel1.win32_1.0.200.202406191623/tools/bin/../lib/gcc/arm-none-eabi/12.3.1/../../../../arm-none-eabi/lib/thumb/v7e-m+fp/hard\libc_nano.a(libc_a-findfp.o)
                              D:/STM32/stm32cubeide/STM32CubeIDE/plugins/com.st.stm32cube.ide.mcu.externaltools.gnu-tools-for-stm32.12.3.rel1.win32_1.0.200.202406191623/tools/bin/../lib/gcc/arm-none-eabi/12.3.1/../../../../arm-none-eabi/lib/thumb/v7e-m+fp/hard\libc_nano.a(libc_a-exit.o) (__stdio_exit_handler)
D:/STM32/stm32cubeide/STM32CubeIDE/plugins/com.st.stm32cube.ide.mcu.externaltools.gnu-tools-for-stm32.12.3.rel1.win32_1.0.200.202406191623/tools/bin/../lib/gcc/arm-none-eabi/12.3.1/../../../../arm-none-eabi/lib/thumb/v7e-m+fp/hard\libc_nano.a(libc_a-fwalk.o)
                              D:/STM32/stm32cubeide/STM32CubeIDE/plugins/com.st.stm32cube.ide.mcu.externaltools.gnu-tools-for-stm32.12.3.rel1.win32_1.0.200.202406191623/tools/bin/../lib/gcc/arm-none-eabi/12.3.1/../../../../arm-none-eabi/lib/thumb/v7e-m+fp/hard\libc_nano.a(libc_a-findfp.o) (_fwalk_sglue)
D:/STM32/stm32cubeide/STM32CubeIDE/plugins/com.st.stm32cube.ide.mcu.externaltools.gnu-tools-for-stm32.12.3.rel1.win32_1.0.200.202406191623/tools/bin/../lib/gcc/arm-none-eabi/12.3.1/../../../../arm-none-eabi/lib/thumb/v7e-m+fp/hard\libc_nano.a(libc_a-sprintf.o)
                              ./Core/Src/OLED.o (sprintf)
D:/STM32/stm32cubeide/STM32CubeIDE/plugins/com.st.stm32cube.ide.mcu.externaltools.gnu-tools-for-stm32.12.3.rel1.win32_1.0.200.202406191623/tools/bin/../lib/gcc/arm-none-eabi/12.3.1/../../../../arm-none-eabi/lib/thumb/v7e-m+fp/hard\libc_nano.a(libc_a-stdio.o)
                              D:/STM32/stm32cubeide/STM32CubeIDE/plugins/com.st.stm32cube.ide.mcu.externaltools.gnu-tools-for-stm32.12.3.rel1.win32_1.0.200.202406191623/tools/bin/../lib/gcc/arm-none-eabi/12.3.1/../../../../arm-none-eabi/lib/thumb/v7e-m+fp/hard\libc_nano.a(libc_a-findfp.o) (__sread)
D:/STM32/stm32cubeide/STM32CubeIDE/plugins/com.st.stm32cube.ide.mcu.externaltools.gnu-tools-for-stm32.12.3.rel1.win32_1.0.200.202406191623/tools/bin/../lib/gcc/arm-none-eabi/12.3.1/../../../../arm-none-eabi/lib/thumb/v7e-m+fp/hard\libc_nano.a(libc_a-memset.o)
                              D:/STM32/stm32cubeide/STM32CubeIDE/plugins/com.st.stm32cube.ide.mcu.externaltools.gnu-tools-for-stm32.12.3.rel1.win32_1.0.200.202406191623/tools/bin/../lib/gcc/arm-none-eabi/12.3.1/../../../../arm-none-eabi/lib/thumb/v7e-m+fp/hard/crt0.o (memset)
D:/STM32/stm32cubeide/STM32CubeIDE/plugins/com.st.stm32cube.ide.mcu.externaltools.gnu-tools-for-stm32.12.3.rel1.win32_1.0.200.202406191623/tools/bin/../lib/gcc/arm-none-eabi/12.3.1/../../../../arm-none-eabi/lib/thumb/v7e-m+fp/hard\libc_nano.a(libc_a-closer.o)
                              D:/STM32/stm32cubeide/STM32CubeIDE/plugins/com.st.stm32cube.ide.mcu.externaltools.gnu-tools-for-stm32.12.3.rel1.win32_1.0.200.202406191623/tools/bin/../lib/gcc/arm-none-eabi/12.3.1/../../../../arm-none-eabi/lib/thumb/v7e-m+fp/hard\libc_nano.a(libc_a-stdio.o) (_close_r)
D:/STM32/stm32cubeide/STM32CubeIDE/plugins/com.st.stm32cube.ide.mcu.externaltools.gnu-tools-for-stm32.12.3.rel1.win32_1.0.200.202406191623/tools/bin/../lib/gcc/arm-none-eabi/12.3.1/../../../../arm-none-eabi/lib/thumb/v7e-m+fp/hard\libc_nano.a(libc_a-reent.o)
[...]
Memory Configuration

Name             Origin             Length             Attributes
RAM              0x20000000         0x00010000         xrw
FLASH            0x08000000         0x00040000         xr
*default*        0x00000000         0xffffffff

Linker script and memory map

LOAD D:/STM32/stm32cubeide/STM32CubeIDE/plugins/com.st.stm32cube.ide.mcu.externaltools.gnu-tools-for-stm32.12.3.rel1.win32_1.0.200.202406191623/tools/bin/../lib/gcc/arm-none-eabi/12.3.1/thumb/v7e-m+fp/hard/crti.o
LOAD D:/STM32/stm32cubeide/STM32CubeIDE/plugins/com.st.stm32cube.ide.mcu.externaltools.gnu-tools-for-stm32.12.3.rel1.win32_1.0.200.202406191623/tools/bin/../lib/gcc/arm-none-eabi/12.3.1/thumb/v7e-m+fp/hard/crtbegin.o
LOAD D:/STM32/stm32cubeide/STM32CubeIDE/plugins/com.st.stm32cube.ide.mcu.externaltools.gnu-tools-for-stm32.12.3.rel1.win32_1.0.200.202406191623/tools/bin/../lib/gcc/arm-none-eabi/12.3.1/../../../../arm-none-eabi/lib/thumb/v7e-m+fp/hard/crt0.o
LOAD ./Core/Src/OLED.o
LOAD ./Core/Src/OLED_Fonst.o
LOAD ./Core/Src/keyboard.o
LOAD ./Core/Src/main.o
LOAD ./Core/Src/stm32f4xx_hal_msp.o
LOAD ./Core/Src/stm32f4xx_it.o
LOAD ./Core/Src/syscalls.o
LOAD ./Core/Src/sysmem.o
LOAD ./Core/Src/system_stm32f4xx.o
LOAD ./Core/Startup/startup_stm32f401ccux.o
LOAD ./Drivers/STM32F4xx_HAL_Driver/Src/stm32f4xx_hal.o
LOAD ./Drivers/STM32F4xx_HAL_Driver/Src/stm32f4xx_hal_adc.o
LOAD ./Drivers/STM32F4xx_HAL_Driver/Src/stm32f4xx_hal_adc_ex.o
LOAD ./Drivers/STM32F4xx_HAL_Driver/Src/stm32f4xx_hal_cortex.o
LOAD ./Drivers/STM32F4xx_HAL_Driver/Src/stm32f4xx_hal_crc.o
LOAD ./Drivers/STM32F4xx_HAL_Driver/Src/stm32f4xx_hal_dma.o
LOAD ./Drivers/STM32F4xx_HAL_Driver/Src/stm32f4xx_hal_dma_ex.o
LOAD ./Drivers/STM32F4xx_HAL_Driver/Src/stm32f4xx_hal_exti.o
LOAD ./Drivers/STM32F4xx_HAL_Driver/Src/stm32f4xx_hal_flash.o
LOAD ./Drivers/STM32F4xx_HAL_Driver/Src/stm32f4xx_hal_flash_ex.o
LOAD ./Drivers/STM32F4xx_HAL_Driver/Src/stm32f4xx_hal_flash_ramfunc.o
LOAD ./Drivers/STM32F4xx_HAL_Driver/Src/stm32f4xx_hal_gpio.o
LOAD ./Drivers/STM32F4xx_HAL_Driver/Src/stm32f4xx_hal_i2c.o
LOAD ./Drivers/STM32F4xx_HAL_Driver/Src/stm32f4xx_hal_i2c_ex.o
LOAD ./Drivers/STM32F4xx_HAL_Driver/Src/stm32f4xx_hal_pwr.o
LOAD ./Drivers/STM32F4xx_HAL_Driver/Src/stm32f4xx_hal_pwr_ex.o
LOAD ./Drivers/STM32F4xx_HAL_Driver/Src/stm32f4xx_hal_rcc.o
LOAD ./Drivers/STM32F4xx_HAL_Driver/Src/stm32f4xx_hal_rcc_ex.o
LOAD ./Drivers/STM32F4xx_HAL_Driver/Src/stm32f4xx_hal_spi.o
LOAD ./Drivers/STM32F4xx_HAL_Driver/Src/stm32f4xx_hal_tim.o
LOAD ./Drivers/STM32F4xx_HAL_Driver/Src/stm32f4xx_hal_tim_ex.o
LOAD ./Drivers/STM32F4xx_HAL_Driver/Src/stm32f4xx_ll_adc.o
LOAD ./FATFS/App/fatfs.o
LOAD ./FATFS/Target/user_diskio.o
LOAD ./FATFS/Target/user_diskio_spi.o
LOAD ./Middlewares/Third_Party/FatFs/src/diskio.o
LOAD ./Middlewares/Third_Party/FatFs/src/ff.o
LOAD ./Middlewares/Third_Party/FatFs/src/ff_gen_drv.o
LOAD ./Middlewares/Third_Party/FatFs/src/option/ccsbcs.o
LOAD ./Middlewares/Third_Party/FatFs/src/option/syscall.o
START GROUP
LOAD D:/STM32/stm32cubeide/STM32CubeIDE/plugins/com.st.stm32cube.ide.mcu.externaltools.gnu-tools-for-stm32.12.3.rel1.win32_1.0.200.202406191623/tools/bin/../lib/gcc/arm-none-eabi/12.3.1/../../../../arm-none-eabi/lib/thumb/v7e-m+fp/hard\libc_nano.a
LOAD D:/STM32/stm32cubeide/STM32CubeIDE/plugins/com.st.stm32cube.ide.mcu.externaltools.gnu-tools-for-stm32.12.3.rel1.win32_1.0.200.202406191623/tools/bin/../lib/gcc/arm-none-eabi/12.3.1/../../../../arm-none-eabi/lib/thumb/v7e-m+fp/hard\libm.a
END GROUP
START GROUP
LOAD D:/STM32/stm32cubeide/STM32CubeIDE/plugins/com.st.stm32cube.ide.mcu.externaltools.gnu-tools-for-stm32.12.3.rel1.win32_1.0.200.202406191623/tools/bin/../lib/gcc/arm-none-eabi/12.3.1/thumb/v7e-m+fp/hard\libgcc.a
LOAD D:/STM32/stm32cubeide/STM32CubeIDE/plugins/com.st.stm32cube.ide.mcu.externaltools.gnu-tools-for-stm32.12.3.rel1.win32_1.0.200.202406191623/tools/bin/../lib/gcc/arm-none-eabi/12.3.1/../../../../arm-none-eabi/lib/thumb/v7e-m+fp/hard\libc_nano.a
END GROUP
START GROUP
LOAD D:/STM32/stm32cubeide/STM32CubeIDE/plugins/com.st.stm32cube.ide.mcu.externaltools.gnu-tools-for-stm32.12.3.rel1.win32_1.0.200.202406191623/tools/bin/../lib/gcc/arm-none-eabi/12.3.1/thumb/v7e-m+fp/hard\libgcc.a
LOAD D:/STM32/stm32cubeide/STM32CubeIDE/plugins/com.st.stm32cube.ide.mcu.externaltools.gnu-tools-for-stm32.12.3.rel1.win32_1.0.200.202406191623/tools/bin/../lib/gcc/arm-none-eabi/12.3.1/../../../../arm-none-eabi/lib/thumb/v7e-m+fp/hard\libc_nano.a
LOAD D:/STM32/stm32cubeide/STM32CubeIDE/plugins/com.st.stm32cube.ide.mcu.externaltools.gnu-tools-for-stm32.12.3.rel1.win32_1.0.200.202406191623/tools/bin/../lib/gcc/arm-none-eabi/12.3.1/../../../../arm-none-eabi/lib/thumb/v7e-m+fp/hard\libnosys.a
END GROUP
START GROUP
LOAD D:/STM32/stm32cubeide/STM32CubeIDE/plugins/com.st.stm32cube.ide.mcu.externaltools.gnu-tools-for-stm32.12.3.rel1.win32_1.0.200.202406191623/tools/bin/../lib/gcc/arm-none-eabi/12.3.1/thumb/v7e-m+fp/hard\libgcc.a
LOAD D:/STM32/stm32cubeide/STM32CubeIDE/plugins/com.st.stm32cube.ide.mcu.externaltools.gnu-tools-for-stm32.12.3.rel1.win32_1.0.200.202406191623/tools/bin/../lib/gcc/arm-none-eabi/12.3.1/../../../../arm-none-eabi/lib/thumb/v7e-m+fp/hard\libc_nano.a
LOAD D:/STM32/stm32cubeide/STM32CubeIDE/plugins/com.st.stm32cube.ide.mcu.externaltools.gnu-tools-for-stm32.12.3.rel1.win32_1.0.200.202406191623/tools/bin/../lib/gcc/arm-none-eabi/12.3.1/../../../../arm-none-eabi/lib/thumb/v7e-m+fp/hard\libnosys.a
END GROUP
LOAD D:/STM32/stm32cubeide/STM32CubeIDE/plugins/com.st.stm32cube.ide.mcu.externaltools.gnu-tools-for-stm32.12.3.rel1.win32_1.0.200.202406191623/tools/bin/../lib/gcc/arm-none-eabi/12.3.1/thumb/v7e-m+fp/hard/crtend.o
LOAD D:/STM32/stm32cubeide/STM32CubeIDE/plugins/com.st.stm32cube.ide.mcu.externaltools.gnu-tools-for-stm32.12.3.rel1.win32_1.0.200.202406191623/tools/bin/../lib/gcc/arm-none-eabi/12.3.1/thumb/v7e-m+fp/hard/crtn.o
                0x20010000                        _estack = (ORIGIN (RAM) + LENGTH (RAM))
                0x00000200                        _Min_Heap_Size = 0x200
                0x00000400                        _Min_Stack_Size = 0x400

.isr_vector     0x08000000      0x194
                0x08000000                        . = ALIGN (0x4)
 *(.isr_vector)
 .isr_vector    0x08000000      0x194 ./Core/Startup/startup_stm32f401ccux.o
                0x08000000                g_pfnVectors
                0x08000194                        . = ALIGN (0x4)

.text           0x080001a0    0x1400c
                0x080001a0                        . = ALIGN (0x4)
 *(.text)
 .text          0x080001a0       0x40 D:/STM32/stm32cubeide/STM32CubeIDE/plugins/com.st.stm32cube.ide.mcu.externaltools.gnu-tools-for-stm32.12.3.rel1.win32_1.0.200.202406191623/tools/bin/../lib/gcc/arm-none-eabi/12.3.1/thumb/v7e-m+fp/hard/crtbegin.o
 .text          0x080001e0       0x10 D:/STM32/stm32cubeide/STM32CubeIDE/plugins/com.st.stm32cube.ide.mcu.externaltools.gnu-tools-for-stm32.12.3.rel1.win32_1.0.200.202406191623/tools/bin/../lib/gcc/arm-none-eabi/12.3.1/../../../../arm-none-eabi/lib/thumb/v7e-m+fp/hard\libc_nano.a(libc_a-strlen.o)
                0x080001e0                strlen
 .text          0x080001f0       0xa0 D:/STM32/stm32cubeide/STM32CubeIDE/plugins/com.st.stm32cube.ide.mcu.externaltools.gnu-tools-for-stm32.12.3.rel1.win32_1.0.200.202406191623/tools/bin/../lib/gcc/arm-none-eabi/12.3.1/../../../../arm-none-eabi/lib/thumb/v7e-m+fp/hard\libc_nano.a(libc_a-memchr.o)
                0x080001f0                memchr
 .text          0x08000290       0x30 D:/STM32/stm32cubeide/STM32CubeIDE/plugins/com.st.stm32cube.ide.mcu.externaltools.gnu-tools-for-stm32.12.3.rel1.win32_1.0.200.202406191623/tools/bin/../lib/gcc/arm-none-eabi/12.3.1/thumb/v7e-m+fp/hard\libgcc.a(_aeabi_uldivmod.o)
                0x08000290                __aeabi_uldivmod
 .text          0x080002c0      0x2bc D:/STM32/stm32cubeide/STM32CubeIDE/plugins/com.st.stm32cube.ide.mcu.externaltools.gnu-tools-for-stm32.12.3.rel1.win32_1.0.200.202406191623/tools/bin/../lib/gcc/arm-none-eabi/12.3.1/thumb/v7e-m+fp/hard\libgcc.a(_udivmoddi4.o)
                0x080002c0                __udivmoddi4
 .text          0x0800057c        0x4 D:/STM32/stm32cubeide/STM32CubeIDE/plugins/com.st.stm32cube.ide.mcu.externaltools.gnu-tools-for-stm32.12.3.rel1.win32_1.0.200.202406191623/tools/bin/../lib/gcc/arm-none-eabi/12.3.1/thumb/v7e-m+fp/hard\libgcc.a(_dvmd_tls.o)
                0x0800057c                __aeabi_idiv0
                0x0800057c                __aeabi_ldiv0
 *(.text*)
 .text.OLED_ClearBuffer
                0x08000580       0x38 ./Core/Src/OLED.o
                0x08000580                OLED_ClearBuffer
 .text.OLED_SendCommand
                0x080005b8       0x34 ./Core/Src/OLED.o
                0x080005b8                OLED_SendCommand
 .text.OLED_SendData
                0x080005ec       0x34 ./Core/Src/OLED.o
                0x080005ec                OLED_SendData
 .text.OLED_Init
                0x08000620       0xd0 ./Core/Src/OLED.o
                0x08000620                OLED_Init
 .text.OLED_Clear
                0x080006f0       0x26 ./Core/Src/OLED.o
                0x080006f0                OLED_Clear
 .text.OLED_DrawBitmap
                0x08000716       0xba ./Core/Src/OLED.o
                0x08000716                OLED_DrawBitmap
 .text.OLED_DrawPixelStatus
                0x080007d0       0xa8 ./Core/Src/OLED.o
                0x080007d0                OLED_DrawPixelStatus
 .text.OLED_DrawPixel
                0x08000878       0x64 ./Core/Src/OLED.o
                0x08000878                OLED_DrawPixel
 .text.OLED_DrawRectangleFill
                0x080008dc       0x8a ./Core/Src/OLED.o
                0x080008dc                OLED_DrawRectangleFill
 .text.OLED_DrawLine
                0x08000966      0x16c ./Core/Src/OLED.o
                0x08000966                OLED_DrawLine
 *fill*         0x08000ad2        0x2 
 .text.OLED_GetWidthStr
                0x08000ad4       0x68 ./Core/Src/OLED.o
                0x08000ad4                OLED_GetWidthStr
 .text.OLED_GetWidthNum
                0x08000b3c       0x34 ./Core/Src/OLED.o
                0x08000b3c                OLED_GetWidthNum
 .text.OLED_DrawChar
                0x08000b70      0x100 ./Core/Src/OLED.o
                0x08000b70                OLED_DrawChar
 .text.OLED_DrawNum
                0x08000c70       0x48 ./Core/Src/OLED.o
                0x08000c70                OLED_DrawNum
 .text.OLED_DrawStr
                0x08000cb8       0xd0 ./Core/Src/OLED.o
                0x08000cb8                OLED_DrawStr
 .text.OLED_UpdateScreen
                0x08000d88       0x8c ./Core/Src/OLED.o
                0x08000d88                OLED_UpdateScreen
 .text.FontSet  0x08000e14       0x5c ./Core/Src/OLED_Fonst.o
                0x08000e14                FontSet
 .text.KEYB_Add_Button
                0x08000e70       0x84 ./Core/Src/keyboard.o
                0x08000e70                KEYB_Add_Button
 .text.KEYB_Inkeys
                0x08000ef4       0x90 ./Core/Src/keyboard.o
                0x08000ef4                KEYB_Inkeys
 .text.KEYB_Input_Keys
                0x08000f84      0x1a4 ./Core/Src/keyboard.o
                0x08000f84                KEYB_Input_Keys
 .text.SD_ReadData
                0x08001128      0x1e8 ./Core/Src/main.o
                0x08001128                SD_ReadData
 .text.SD_WriteData
                0x08001310      0x1f8 ./Core/Src/main.o
                0x08001310                SD_WriteData
 .text.ReadFlashParams
                0x08001508       0xc4 ./Core/Src/main.o
                0x08001508                ReadFlashParams
 .text.InitReadFlashParams
                0x080015cc       0x1a ./Core/Src/main.o
                0x080015cc                InitReadFlashParams
 *fill*         0x080015e6        0x2 
 .text.decToBcd
                0x080015e8       0x4c ./Core/Src/main.o
                0x080015e8                decToBcd
 .text.bcdToDec
                0x08001634       0x30 ./Core/Src/main.o
                0x08001634                bcdToDec
 .text.SetDateDS
                0x08001664       0x78 ./Core/Src/main.o
 .text.SetTimeDS
                0x080016dc       0x60 ./Core/Src/main.o
 .text.Get_Time
                0x0800173c       0xa0 ./Core/Src/main.o
                0x0800173c                Get_Time
 .text.force_temp_conv
                0x080017dc       0x74 ./Core/Src/main.o
                0x080017dc                force_temp_conv
 .text.OLED_DrawStr_RuModified
                0x08001850       0x38 ./Core/Src/main.o
                0x08001850                OLED_DrawStr_RuModified
 .text.OLED_DrawStr_EnModified
                0x08001888       0x38 ./Core/Src/main.o
                0x08001888                OLED_DrawStr_EnModified
 .text.OLED_DrawChar_Modified
                0x080018c0       0x3c ./Core/Src/main.o
                0x080018c0                OLED_DrawChar_Modified
 .text.OLED_DrawLine_Modified
                0x080018fc      0x170 ./Core/Src/main.o
                0x080018fc                OLED_DrawLine_Modified
 .text.OLED_DrawTriangleFill_Modified
                0x08001a6c      0x198 ./Core/Src/main.o
                0x08001a6c                OLED_DrawTriangleFill_Modified
 .text.OLED_DrawCircle_Modified
                0x08001c04      0x1fa ./Core/Src/main.o
                0x08001c04                OLED_DrawCircle_Modified
 .text.OLED_DrawCircleFill_Modified
                0x08001dfe      0x1ec ./Core/Src/main.o
                0x08001dfe                OLED_DrawCircleFill_Modified
 *fill*         0x08001fea        0x2 
 .text.DrawDayOfWeek
                0x08001fec       0xc4 ./Core/Src/main.o
                0x08001fec                DrawDayOfWeek
 .text.DrawTime
                0x080020b0      0x194 ./Core/Src/main.o
                0x080020b0                DrawTime
 .text.DrawDate
                0x08002244      0x194 ./Core/Src/main.o
                0x08002244                DrawDate
 .text.BuildSetDate
                0x080023d8       0x64 ./Core/Src/main.o
                0x080023d8                BuildSetDate
 .text.DrawSetDate
                0x0800243c      0x194 ./Core/Src/main.o
                0x0800243c                DrawSetDate
 .text.SetDate  0x080025d0       0x12 ./Core/Src/main.o
                0x080025d0                SetDate
 *fill*         0x080025e2        0x2 
 .text.BuildSetDayOfWeek
                0x080025e4       0x20 ./Core/Src/main.o
                0x080025e4                BuildSetDayOfWeek
 .text.DrawSetDayOfWeek
                0x08002604       0xc4 ./Core/Src/main.o
                0x08002604                DrawSetDayOfWeek
 .text.SetDayOfWeek
                0x080026c8       0x12 ./Core/Src/main.o
                0x080026c8                SetDayOfWeek
 *fill*         0x080026da        0x2 
 .text.BuildSetTime
                0x080026dc      0x114 ./Core/Src/main.o
                0x080026dc                BuildSetTime
 .text.DrawSetTime
                0x080027f0      0x198 ./Core/Src/main.o
                0x080027f0                DrawSetTime
 .text.DrawSetDurationWater
                0x08002988      0x120 ./Core/Src/main.o
                0x08002988                DrawSetDurationWater
 .text.SetTimeSMH
                0x08002aa8       0x5c ./Core/Src/main.o
                0x08002aa8                SetTimeSMH
 .text.BuildSetScreenAutoOff
                0x08002b04       0x4c ./Core/Src/main.o
                0x08002b04                BuildSetScreenAutoOff
 .text.DrawSetScreenOff
                0x08002b50      0x120 ./Core/Src/main.o
                0x08002b50                DrawSetScreenOff
 .text.SetScreenOff
                0x08002c70       0x1c ./Core/Src/main.o
                0x08002c70                SetScreenOff
 .text.InitScreenOff
                0x08002c8c       0x50 ./Core/Src/main.o
                0x08002c8c                InitScreenOff
 .text.BuildSetDaysWater
                0x08002cdc       0x20 ./Core/Src/main.o
                0x08002cdc                BuildSetDaysWater
 .text.DrawSetDaysWater
                0x08002cfc      0x498 ./Core/Src/main.o
                0x08002cfc                DrawSetDaysWater
 .text.SetDaysWater
                0x08003194       0x12 ./Core/Src/main.o
                0x08003194                SetDaysWater
 *fill*         0x080031a6        0x2 
 .text.DrawWateringParamsPt1
                0x080031a8      0x330 ./Core/Src/main.o
                0x080031a8                DrawWateringParamsPt1
 .text.DrawWateringParamsPt2
                0x080034d8      0x494 ./Core/Src/main.o
                0x080034d8                DrawWateringParamsPt2
 .text.IsSetDateFinished
                0x0800396c       0x44 ./Core/Src/main.o
                0x0800396c                IsSetDateFinished
 .text.IsSetDayOfWeekFinished
                0x080039b0       0x44 ./Core/Src/main.o
                0x080039b0                IsSetDayOfWeekFinished
 .text.IsSetTimeWaterFinished
                0x080039f4       0x44 ./Core/Src/main.o
                0x080039f4                IsSetTimeWaterFinished
 .text.IsSetTimeDurationWaterFinished
                0x08003a38       0x44 ./Core/Src/main.o
                0x08003a38                IsSetTimeDurationWaterFinished
 .text.IsSetTimeDaysWaterFinished
                0x08003a7c       0x44 ./Core/Src/main.o
                0x08003a7c                IsSetTimeDaysWaterFinished
 .text.IsSetTimeFinished
                0x08003ac0       0x44 ./Core/Src/main.o
                0x08003ac0                IsSetTimeFinished
 .text.IsSetScreenOffFinished
                0x08003b04       0x44 ./Core/Src/main.o
                0x08003b04                IsSetScreenOffFinished
 .text.EmergencyTerminationOfWatering
                0x08003b48       0x4c ./Core/Src/main.o
                0x08003b48                EmergencyTerminationOfWatering
 .text.IsTodayWateringDay
                0x08003b94       0xb8 ./Core/Src/main.o
                0x08003b94                IsTodayWateringDay
 .text.IsTimeToStartWatering
                0x08003c4c      0x120 ./Core/Src/main.o
                0x08003c4c                IsTimeToStartWatering
 .text.BuildFrame
                0x08003d6c     0x3a58 ./Core/Src/main.o
                0x08003d6c                BuildFrame
 .text.IsFrameChanged
                0x080077c4       0x48 ./Core/Src/main.o
                0x080077c4                IsFrameChanged
 .text.BlockDrawCursor
                0x0800780c      0x2ac ./Core/Src/main.o
                0x0800780c                BlockDrawCursor
 .text.DrawCursor
                0x08007ab8       0xb8 ./Core/Src/main.o
                0x08007ab8                DrawCursor
 .text.CursorPossiblePositions
                0x08007b70      0x2c8 ./Core/Src/main.o
                0x08007b70                CursorPossiblePositions
 .text.DefaultCursorPositions
                0x08007e38       0x68 ./Core/Src/main.o
                0x08007e38                DefaultCursorPositions
 .text.SetCursorPositions
                0x08007ea0       0x1c ./Core/Src/main.o
                0x08007ea0                SetCursorPositions
 .text.BlockCursorMoveDown
                0x08007ebc      0x174 ./Core/Src/main.o
                0x08007ebc                BlockCursorMoveDown
 .text.BlockCursorMoveUp
                0x08008030      0x15c ./Core/Src/main.o
                0x08008030                BlockCursorMoveUp
 .text.ButtonsPress
                0x0800818c     0x1fc0 ./Core/Src/main.o
                0x0800818c                ButtonsPress
 .text.DrawErrorFrame
                0x0800a14c      0x108 ./Core/Src/main.o
                0x0800a14c                DrawErrorFrame
 .text.CheckFatalErrors
                0x0800a254       0x3c ./Core/Src/main.o
                0x0800a254                CheckFatalErrors
 .text.CheckWaterLeak
                0x0800a290       0x54 ./Core/Src/main.o
                0x0800a290                CheckWaterLeak
 .text.LED_Control
                0x0800a2e4      0x138 ./Core/Src/main.o
                0x0800a2e4                LED_Control
 .text.IsWaterLevelChanged
                0x0800a41c       0x44 ./Core/Src/main.o
                0x0800a41c                IsWaterLevelChanged
 .text.ADC_DataProcessing
                0x0800a460      0x1e8 ./Core/Src/main.o
                0x0800a460                ADC_DataProcessing
 .text.MountDisk
                0x0800a648       0x2c ./Core/Src/main.o
                0x0800a648                MountDisk
 .text.InitAll  0x0800a674       0xc0 ./Core/Src/main.o
                0x0800a674                InitAll
 .text.DrawSleepFrame
                0x0800a734       0x4c ./Core/Src/main.o
                0x0800a734                DrawSleepFrame
 .text.main     0x0800a780       0xc8 ./Core/Src/main.o
                0x0800a780                main
 .text.SystemClock_Config
                0x0800a848       0xd4 ./Core/Src/main.o
                0x0800a848                SystemClock_Config
 .text.MX_ADC1_Init
                0x0800a91c       0xc0 ./Core/Src/main.o
 .text.MX_CRC_Init
                0x0800a9dc       0x28 ./Core/Src/main.o
 .text.MX_I2C1_Init
                0x0800aa04       0x5c ./Core/Src/main.o
 .text.MX_I2C2_Init
                0x0800aa60       0x5c ./Core/Src/main.o
 .text.MX_SPI1_Init
                0x0800aabc       0x6c ./Core/Src/main.o
 .text.MX_TIM2_Init
                0x0800ab28       0x9c ./Core/Src/main.o
 .text.MX_TIM3_Init
                0x0800abc4       0x9c ./Core/Src/main.o
 .text.MX_TIM4_Init
                0x0800ac60       0x9c ./Core/Src/main.o
 .text.MX_TIM5_Init
                0x0800acfc       0x9c ./Core/Src/main.o
 .text.MX_DMA_Init
                0x0800ad98       0x60 ./Core/Src/main.o
 .text.MX_GPIO_Init
                0x0800adf8      0x104 ./Core/Src/main.o
 .text.Error_Handler
                0x0800aefc        0xc ./Core/Src/main.o
                0x0800aefc                Error_Handler
 .text.HAL_MspInit
                0x0800af08       0x50 ./Core/Src/stm32f4xx_hal_msp.o
                0x0800af08                HAL_MspInit
 .text.HAL_ADC_MspInit
                0x0800af58       0xec ./Core/Src/stm32f4xx_hal_msp.o
                0x0800af58                HAL_ADC_MspInit
 .text.HAL_CRC_MspInit
                0x0800b044       0x44 ./Core/Src/stm32f4xx_hal_msp.o
                0x0800b044                HAL_CRC_MspInit
 .text.HAL_I2C_MspInit
                0x0800b088      0x118 ./Core/Src/stm32f4xx_hal_msp.o
                0x0800b088                HAL_I2C_MspInit
 .text.HAL_SPI_MspInit
                0x0800b1a0      0x158 ./Core/Src/stm32f4xx_hal_msp.o
                0x0800b1a0                HAL_SPI_MspInit
 .text.HAL_TIM_Base_MspInit
                0x0800b2f8      0x100 ./Core/Src/stm32f4xx_hal_msp.o
                0x0800b2f8                HAL_TIM_Base_MspInit
 .text.NMI_Handler
                0x0800b3f8        0x8 ./Core/Src/stm32f4xx_it.o
                0x0800b3f8                NMI_Handler
 .text.HardFault_Handler
                0x0800b400        0x8 ./Core/Src/stm32f4xx_it.o
                0x0800b400                HardFault_Handler
 .text.MemManage_Handler
                0x0800b408        0x8 ./Core/Src/stm32f4xx_it.o
                0x0800b408                MemManage_Handler
 .text.BusFault_Handler
                0x0800b410        0x8 ./Core/Src/stm32f4xx_it.o
                0x0800b410                BusFault_Handler
 .text.UsageFault_Handler
                0x0800b418        0x8 ./Core/Src/stm32f4xx_it.o
                0x0800b418                UsageFault_Handler
 .text.SVC_Handler
                0x0800b420        0xe ./Core/Src/stm32f4xx_it.o
                0x0800b420                SVC_Handler
 .text.DebugMon_Handler
                0x0800b42e        0xe ./Core/Src/stm32f4xx_it.o
                0x0800b42e                DebugMon_Handler
 .text.PendSV_Handler
                0x0800b43c        0xe ./Core/Src/stm32f4xx_it.o
                0x0800b43c                PendSV_Handler
 .text.SysTick_Handler
                0x0800b44a        0xc ./Core/Src/stm32f4xx_it.o
                0x0800b44a                SysTick_Handler
 .text.TIM2_IRQHandler
                0x0800b456        0xc ./Core/Src/stm32f4xx_it.o
                0x0800b456                TIM2_IRQHandler
 *fill*         0x0800b462        0x2 
 .text.TIM3_IRQHandler
                0x0800b464       0x14 ./Core/Src/stm32f4xx_it.o
                0x0800b464                TIM3_IRQHandler
 .text.TIM4_IRQHandler
                0x0800b478       0x14 ./Core/Src/stm32f4xx_it.o
                0x0800b478                TIM4_IRQHandler
 .text.TIM5_IRQHandler
                0x0800b48c       0x14 ./Core/Src/stm32f4xx_it.o
                0x0800b48c                TIM5_IRQHandler
 .text.DMA2_Stream0_IRQHandler
                0x0800b4a0       0x14 ./Core/Src/stm32f4xx_it.o
                0x0800b4a0                DMA2_Stream0_IRQHandler
 .text.DMA2_Stream3_IRQHandler
                0x0800b4b4       0x14 ./Core/Src/stm32f4xx_it.o
                0x0800b4b4                DMA2_Stream3_IRQHandler
 .text.DMA2_Stream4_IRQHandler
                0x0800b4c8       0x14 ./Core/Src/stm32f4xx_it.o
                0x0800b4c8                DMA2_Stream4_IRQHandler
 .text.HAL_TIM_PeriodElapsedCallback
                0x0800b4dc      0x194 ./Core/Src/stm32f4xx_it.o
                0x0800b4dc                HAL_TIM_PeriodElapsedCallback
 .text.HAL_ADC_ConvCpltCallback
                0x0800b670       0x2c ./Core/Src/stm32f4xx_it.o
                0x0800b670                HAL_ADC_ConvCpltCallback
 .text._sbrk    0x0800b69c       0x6c ./Core/Src/sysmem.o
                0x0800b69c                _sbrk
 .text.SystemInit
                0x0800b708       0x24 ./Core/Src/system_stm32f4xx.o
                0x0800b708                SystemInit
 .text.Reset_Handler
                0x0800b72c       0x50 ./Core/Startup/startup_stm32f401ccux.o
                0x0800b72c                Reset_Handler
 .text.Default_Handler
                0x0800b77c        0x2 ./Core/Startup/startup_stm32f401ccux.o
                0x0800b77c                RTC_Alarm_IRQHandler
                0x0800b77c                EXTI2_IRQHandler
                0x0800b77c                SPI4_IRQHandler
                0x0800b77c                TIM1_CC_IRQHandler
                0x0800b77c                DMA2_Stream5_IRQHandler
                0x0800b77c                DMA1_Stream5_IRQHandler
                0x0800b77c                PVD_IRQHandler
                0x0800b77c                SDIO_IRQHandler
                0x0800b77c                TAMP_STAMP_IRQHandler
                0x0800b77c                EXTI3_IRQHandler
                0x0800b77c                TIM1_UP_TIM10_IRQHandler
                0x0800b77c                I2C3_ER_IRQHandler
                0x0800b77c                EXTI0_IRQHandler
                0x0800b77c                I2C2_EV_IRQHandler
                0x0800b77c                DMA1_Stream2_IRQHandler
                0x0800b77c                FPU_IRQHandler
                0x0800b77c                DMA2_Stream2_IRQHandler
                0x0800b77c                SPI1_IRQHandler
                0x0800b77c                TIM1_BRK_TIM9_IRQHandler
                0x0800b77c                USART6_IRQHandler
                0x0800b77c                I2C1_EV_IRQHandler
                0x0800b77c                DMA1_Stream6_IRQHandler
                0x0800b77c                DMA1_Stream1_IRQHandler
                0x0800b77c                RCC_IRQHandler
                0x0800b77c                Default_Handler
                0x0800b77c                EXTI15_10_IRQHandler
                0x0800b77c                ADC_IRQHandler
                0x0800b77c                DMA1_Stream7_IRQHandler
                0x0800b77c                DMA2_Stream7_IRQHandler
                0x0800b77c                I2C3_EV_IRQHandler
                0x0800b77c                EXTI9_5_IRQHandler
                0x0800b77c                RTC_WKUP_IRQHandler
                0x0800b77c                SPI2_IRQHandler
                0x0800b77c                DMA1_Stream0_IRQHandler
                0x0800b77c                EXTI4_IRQHandler
                0x0800b77c                WWDG_IRQHandler
                0x0800b77c                OTG_FS_WKUP_IRQHandler
                0x0800b77c                TIM1_TRG_COM_TIM11_IRQHandler
                0x0800b77c                EXTI1_IRQHandler
                0x0800b77c                USART2_IRQHandler
                0x0800b77c                I2C2_ER_IRQHandler
                0x0800b77c                DMA2_Stream1_IRQHandler
                0x0800b77c                FLASH_IRQHandler
                0x0800b77c                USART1_IRQHandler
                0x0800b77c                OTG_FS_IRQHandler
                0x0800b77c                SPI3_IRQHandler
                0x0800b77c                DMA1_Stream4_IRQHandler
                0x0800b77c                I2C1_ER_IRQHandler
                0x0800b77c                DMA2_Stream6_IRQHandler
                0x0800b77c                DMA1_Stream3_IRQHandler
 *fill*         0x0800b77e        0x2 
 .text.HAL_Init
                0x0800b780       0x44 ./Drivers/STM32F4xx_HAL_Driver/Src/stm32f4xx_hal.o
                0x0800b780                HAL_Init
 .text.HAL_InitTick
                0x0800b7c4       0x60 ./Drivers/STM32F4xx_HAL_Driver/Src/stm32f4xx_hal.o
                0x0800b7c4                HAL_InitTick
 .text.HAL_IncTick
                0x0800b824       0x28 ./Drivers/STM32F4xx_HAL_Driver/Src/stm32f4xx_hal.o
                0x0800b824                HAL_IncTick
 .text.HAL_GetTick
                0x0800b84c       0x18 ./Drivers/STM32F4xx_HAL_Driver/Src/stm32f4xx_hal.o
                0x0800b84c                HAL_GetTick
 .text.HAL_ADC_Init
                0x0800b864       0x86 ./Drivers/STM32F4xx_HAL_Driver/Src/stm32f4xx_hal_adc.o
                0x0800b864                HAL_ADC_Init
 *fill*         0x0800b8ea        0x2 
 .text.HAL_ADC_Start_DMA
                0x0800b8ec      0x1e0 ./Drivers/STM32F4xx_HAL_Driver/Src/stm32f4xx_hal_adc.o
                0x0800b8ec                HAL_ADC_Start_DMA
 .text.HAL_ADC_Stop_DMA
                0x0800bacc       0xb4 ./Drivers/STM32F4xx_HAL_Driver/Src/stm32f4xx_hal_adc.o
                0x0800bacc                HAL_ADC_Stop_DMA
 .text.HAL_ADC_ConvHalfCpltCallback
                0x0800bb80       0x14 ./Drivers/STM32F4xx_HAL_Driver/Src/stm32f4xx_hal_adc.o
                0x0800bb80                HAL_ADC_ConvHalfCpltCallback
 .text.HAL_ADC_ErrorCallback
                0x0800bb94       0x14 ./Drivers/STM32F4xx_HAL_Driver/Src/stm32f4xx_hal_adc.o
                0x0800bb94                HAL_ADC_ErrorCallback
 .text.HAL_ADC_ConfigChannel
                0x0800bba8      0x244 ./Drivers/STM32F4xx_HAL_Driver/Src/stm32f4xx_hal_adc.o
                0x0800bba8                HAL_ADC_ConfigChannel
 .text.ADC_Init
                0x0800bdec      0x1f8 ./Drivers/STM32F4xx_HAL_Driver/Src/stm32f4xx_hal_adc.o
 .text.ADC_DMAConvCplt
                0x0800bfe4       0xba ./Drivers/STM32F4xx_HAL_Driver/Src/stm32f4xx_hal_adc.o
 .text.ADC_DMAHalfConvCplt
                0x0800c09e       0x1c ./Drivers/STM32F4xx_HAL_Driver/Src/stm32f4xx_hal_adc.o
 .text.ADC_DMAError
                0x0800c0ba       0x2e ./Drivers/STM32F4xx_HAL_Driver/Src/stm32f4xx_hal_adc.o
 .text.__NVIC_SetPriorityGrouping
                0x0800c0e8       0x48 ./Drivers/STM32F4xx_HAL_Driver/Src/stm32f4xx_hal_cortex.o
 .text.__NVIC_GetPriorityGrouping
                0x0800c130       0x1c ./Drivers/STM32F4xx_HAL_Driver/Src/stm32f4xx_hal_cortex.o
 .text.__NVIC_EnableIRQ
                0x0800c14c       0x3c ./Drivers/STM32F4xx_HAL_Driver/Src/stm32f4xx_hal_cortex.o
 .text.__NVIC_SetPriority
                0x0800c188       0x54 ./Drivers/STM32F4xx_HAL_Driver/Src/stm32f4xx_hal_cortex.o
 .text.NVIC_EncodePriority
                0x0800c1dc       0x66 ./Drivers/STM32F4xx_HAL_Driver/Src/stm32f4xx_hal_cortex.o
 *fill*         0x0800c242        0x2 
 .text.SysTick_Config
                0x0800c244       0x44 ./Drivers/STM32F4xx_HAL_Driver/Src/stm32f4xx_hal_cortex.o
 .text.HAL_NVIC_SetPriorityGrouping
                0x0800c288       0x16 ./Drivers/STM32F4xx_HAL_Driver/Src/stm32f4xx_hal_cortex.o
                0x0800c288                HAL_NVIC_SetPriorityGrouping
 .text.HAL_NVIC_SetPriority
                0x0800c29e       0x38 ./Drivers/STM32F4xx_HAL_Driver/Src/stm32f4xx_hal_cortex.o
                0x0800c29e                HAL_NVIC_SetPriority
 .text.HAL_NVIC_EnableIRQ
                0x0800c2d6       0x1c ./Drivers/STM32F4xx_HAL_Driver/Src/stm32f4xx_hal_cortex.o
                0x0800c2d6                HAL_NVIC_EnableIRQ
 .text.HAL_SYSTICK_Config
                0x0800c2f2       0x18 ./Drivers/STM32F4xx_HAL_Driver/Src/stm32f4xx_hal_cortex.o
                0x0800c2f2                HAL_SYSTICK_Config
 .text.HAL_CRC_Init
                0x0800c30a       0x38 ./Drivers/STM32F4xx_HAL_Driver/Src/stm32f4xx_hal_crc.o
                0x0800c30a                HAL_CRC_Init
 .text.HAL_CRC_Calculate
                0x0800c342       0x66 ./Drivers/STM32F4xx_HAL_Driver/Src/stm32f4xx_hal_crc.o
                0x0800c342                HAL_CRC_Calculate
 .text.HAL_DMA_Init
                0x0800c3a8      0x15c ./Drivers/STM32F4xx_HAL_Driver/Src/stm32f4xx_hal_dma.o
                0x0800c3a8                HAL_DMA_Init
 .text.HAL_DMA_Start_IT
                0x0800c504       0xb0 ./Drivers/STM32F4xx_HAL_Driver/Src/stm32f4xx_hal_dma.o
                0x0800c504                HAL_DMA_Start_IT
 .text.HAL_DMA_Abort
                0x0800c5b4       0xe0 ./Drivers/STM32F4xx_HAL_Driver/Src/stm32f4xx_hal_dma.o
                0x0800c5b4                HAL_DMA_Abort
 .text.HAL_DMA_IRQHandler
                0x0800c694      0x314 ./Drivers/STM32F4xx_HAL_Driver/Src/stm32f4xx_hal_dma.o
                0x0800c694                HAL_DMA_IRQHandler
 .text.DMA_SetConfig
                0x0800c9a8       0x5c ./Drivers/STM32F4xx_HAL_Driver/Src/stm32f4xx_hal_dma.o
 .text.DMA_CalcBaseAndBitshift
                0x0800ca04       0x6c ./Drivers/STM32F4xx_HAL_Driver/Src/stm32f4xx_hal_dma.o
 .text.DMA_CheckFifoParam
                0x0800ca70       0xf8 ./Drivers/STM32F4xx_HAL_Driver/Src/stm32f4xx_hal_dma.o
 .text.HAL_GPIO_Init
                0x0800cb68      0x308 ./Drivers/STM32F4xx_HAL_Driver/Src/stm32f4xx_hal_gpio.o
                0x0800cb68                HAL_GPIO_Init
 .text.HAL_GPIO_WritePin
                0x0800ce70       0x32 ./Drivers/STM32F4xx_HAL_Driver/Src/stm32f4xx_hal_gpio.o
                0x0800ce70                HAL_GPIO_WritePin
 .text.HAL_GPIO_TogglePin
                0x0800cea2       0x34 ./Drivers/STM32F4xx_HAL_Driver/Src/stm32f4xx_hal_gpio.o
                0x0800cea2                HAL_GPIO_TogglePin
 *fill*         0x0800ced6        0x2 
 .text.HAL_I2C_Init
                0x0800ced8      0x288 ./Drivers/STM32F4xx_HAL_Driver/Src/stm32f4xx_hal_i2c.o
                0x0800ced8                HAL_I2C_Init
 .text.HAL_I2C_Master_Transmit
                0x0800d160      0x1fc ./Drivers/STM32F4xx_HAL_Driver/Src/stm32f4xx_hal_i2c.o
                0x0800d160                HAL_I2C_Master_Transmit
 .text.HAL_I2C_Mem_Write
                0x0800d35c      0x1f4 ./Drivers/STM32F4xx_HAL_Driver/Src/stm32f4xx_hal_i2c.o
                0x0800d35c                HAL_I2C_Mem_Write
 .text.HAL_I2C_Mem_Read
                0x0800d550      0x464 ./Drivers/STM32F4xx_HAL_Driver/Src/stm32f4xx_hal_i2c.o
                0x0800d550                HAL_I2C_Mem_Read
 .text.HAL_I2C_IsDeviceReady
                0x0800d9b4      0x25c ./Drivers/STM32F4xx_HAL_Driver/Src/stm32f4xx_hal_i2c.o
                0x0800d9b4                HAL_I2C_IsDeviceReady
 .text.I2C_MasterRequestWrite
                0x0800dc10      0x104 ./Drivers/STM32F4xx_HAL_Driver/Src/stm32f4xx_hal_i2c.o
 .text.I2C_RequestMemoryWrite
                0x0800dd14      0x12c ./Drivers/STM32F4xx_HAL_Driver/Src/stm32f4xx_hal_i2c.o
 .text.I2C_RequestMemoryRead
                0x0800de40      0x1d0 ./Drivers/STM32F4xx_HAL_Driver/Src/stm32f4xx_hal_i2c.o
 .text.I2C_WaitOnFlagUntilTimeout
                0x0800e010       0xf4 ./Drivers/STM32F4xx_HAL_Driver/Src/stm32f4xx_hal_i2c.o
 .text.I2C_WaitOnMasterAddressFlagUntilTimeout
                0x0800e104      0x140 ./Drivers/STM32F4xx_HAL_Driver/Src/stm32f4xx_hal_i2c.o
 .text.I2C_WaitOnTXEFlagUntilTimeout
                0x0800e244       0x90 ./Drivers/STM32F4xx_HAL_Driver/Src/stm32f4xx_hal_i2c.o
 .text.I2C_WaitOnBTFFlagUntilTimeout
                0x0800e2d4       0x90 ./Drivers/STM32F4xx_HAL_Driver/Src/stm32f4xx_hal_i2c.o
 .text.I2C_WaitOnRXNEFlagUntilTimeout
                0x0800e364       0xba ./Drivers/STM32F4xx_HAL_Driver/Src/stm32f4xx_hal_i2c.o
 .text.I2C_IsAcknowledgeFailed
                0x0800e41e       0x5e ./Drivers/STM32F4xx_HAL_Driver/Src/stm32f4xx_hal_i2c.o
 .text.HAL_RCC_OscConfig
                0x0800e47c      0x4f0 ./Drivers/STM32F4xx_HAL_Driver/Src/stm32f4xx_hal_rcc.o
                0x0800e47c                HAL_RCC_OscConfig
 .text.HAL_RCC_ClockConfig
                0x0800e96c      0x1cc ./Drivers/STM32F4xx_HAL_Driver/Src/stm32f4xx_hal_rcc.o
                0x0800e96c                HAL_RCC_ClockConfig
 .text.HAL_RCC_GetSysClockFreq
                0x0800eb38      0x18c ./Drivers/STM32F4xx_HAL_Driver/Src/stm32f4xx_hal_rcc.o
                0x0800eb38                HAL_RCC_GetSysClockFreq
 .text.HAL_RCC_GetHCLKFreq
                0x0800ecc4       0x18 ./Drivers/STM32F4xx_HAL_Driver/Src/stm32f4xx_hal_rcc.o
                0x0800ecc4                HAL_RCC_GetHCLKFreq
 .text.HAL_RCC_GetPCLK1Freq
                0x0800ecdc       0x28 ./Drivers/STM32F4xx_HAL_Driver/Src/stm32f4xx_hal_rcc.o
                0x0800ecdc                HAL_RCC_GetPCLK1Freq
 .text.HAL_SPI_Init
                0x0800ed04      0x112 ./Drivers/STM32F4xx_HAL_Driver/Src/stm32f4xx_hal_spi.o
                0x0800ed04                HAL_SPI_Init
 *fill*         0x0800ee16        0x2 
 .text.HAL_SPI_TransmitReceive_DMA
                0x0800ee18      0x1f8 ./Drivers/STM32F4xx_HAL_Driver/Src/stm32f4xx_hal_spi.o
                0x0800ee18                HAL_SPI_TransmitReceive_DMA
 .text.HAL_SPI_DMAStop
                0x0800f010       0x7e ./Drivers/STM32F4xx_HAL_Driver/Src/stm32f4xx_hal_spi.o
                0x0800f010                HAL_SPI_DMAStop
 .text.HAL_SPI_RxCpltCallback
                0x0800f08e       0x14 ./Drivers/STM32F4xx_HAL_Driver/Src/stm32f4xx_hal_spi.o
                0x0800f08e                HAL_SPI_RxCpltCallback
 .text.HAL_SPI_RxHalfCpltCallback
                0x0800f0a2       0x14 ./Drivers/STM32F4xx_HAL_Driver/Src/stm32f4xx_hal_spi.o
                0x0800f0a2                HAL_SPI_RxHalfCpltCallback
 .text.HAL_SPI_TxRxHalfCpltCallback
                0x0800f0b6       0x14 ./Drivers/STM32F4xx_HAL_Driver/Src/stm32f4xx_hal_spi.o
                0x0800f0b6                HAL_SPI_TxRxHalfCpltCallback
 .text.HAL_SPI_ErrorCallback
                0x0800f0ca       0x14 ./Drivers/STM32F4xx_HAL_Driver/Src/stm32f4xx_hal_spi.o
                0x0800f0ca                HAL_SPI_ErrorCallback
 .text.SPI_DMAReceiveCplt
                0x0800f0de       0xa8 ./Drivers/STM32F4xx_HAL_Driver/Src/stm32f4xx_hal_spi.o
 .text.SPI_DMATransmitReceiveCplt
                0x0800f186       0x90 ./Drivers/STM32F4xx_HAL_Driver/Src/stm32f4xx_hal_spi.o
 .text.SPI_DMAHalfReceiveCplt
                0x0800f216       0x1c ./Drivers/STM32F4xx_HAL_Driver/Src/stm32f4xx_hal_spi.o
 .text.SPI_DMAHalfTransmitReceiveCplt
                0x0800f232       0x1c ./Drivers/STM32F4xx_HAL_Driver/Src/stm32f4xx_hal_spi.o
 .text.SPI_DMAError
                0x0800f24e       0x40 ./Drivers/STM32F4xx_HAL_Driver/Src/stm32f4xx_hal_spi.o
 *fill*         0x0800f28e        0x2 
 .text.SPI_WaitFlagStateUntilTimeout
                0x0800f290      0x110 ./Drivers/STM32F4xx_HAL_Driver/Src/stm32f4xx_hal_spi.o
 .text.SPI_EndRxTransaction
                0x0800f3a0       0xca ./Drivers/STM32F4xx_HAL_Driver/Src/stm32f4xx_hal_spi.o
 *fill*         0x0800f46a        0x2 
 .text.SPI_EndRxTxTransaction
                0x0800f46c       0xa8 ./Drivers/STM32F4xx_HAL_Driver/Src/stm32f4xx_hal_spi.o
 .text.HAL_TIM_Base_Init
                0x0800f514       0x9e ./Drivers/STM32F4xx_HAL_Driver/Src/stm32f4xx_hal_tim.o
                0x0800f514                HAL_TIM_Base_Init
 *fill*         0x0800f5b2        0x2 
 .text.HAL_TIM_Base_Start_IT
                0x0800f5b4       0xc4 ./Drivers/STM32F4xx_HAL_Driver/Src/stm32f4xx_hal_tim.o
                0x0800f5b4                HAL_TIM_Base_Start_IT
 .text.HAL_TIM_Base_Stop_IT
                0x0800f678       0x5e ./Drivers/STM32F4xx_HAL_Driver/Src/stm32f4xx_hal_tim.o
                0x0800f678                HAL_TIM_Base_Stop_IT
 .text.HAL_TIM_IRQHandler
                0x0800f6d6      0x1e0 ./Drivers/STM32F4xx_HAL_Driver/Src/stm32f4xx_hal_tim.o
                0x0800f6d6                HAL_TIM_IRQHandler
 .text.HAL_TIM_ConfigClockSource
                0x0800f8b6      0x18e ./Drivers/STM32F4xx_HAL_Driver/Src/stm32f4xx_hal_tim.o
                0x0800f8b6                HAL_TIM_ConfigClockSource
 .text.HAL_TIM_OC_DelayElapsedCallback
                0x0800fa44       0x14 ./Drivers/STM32F4xx_HAL_Driver/Src/stm32f4xx_hal_tim.o
                0x0800fa44                HAL_TIM_OC_DelayElapsedCallback
 .text.HAL_TIM_IC_CaptureCallback
                0x0800fa58       0x14 ./Drivers/STM32F4xx_HAL_Driver/Src/stm32f4xx_hal_tim.o
                0x0800fa58                HAL_TIM_IC_CaptureCallback
 .text.HAL_TIM_PWM_PulseFinishedCallback
                0x0800fa6c       0x14 ./Drivers/STM32F4xx_HAL_Driver/Src/stm32f4xx_hal_tim.o
                0x0800fa6c                HAL_TIM_PWM_PulseFinishedCallback
 .text.HAL_TIM_TriggerCallback
                0x0800fa80       0x14 ./Drivers/STM32F4xx_HAL_Driver/Src/stm32f4xx_hal_tim.o
                0x0800fa80                HAL_TIM_TriggerCallback
 .text.TIM_Base_SetConfig
                0x0800fa94      0x118 ./Drivers/STM32F4xx_HAL_Driver/Src/stm32f4xx_hal_tim.o
                0x0800fa94                TIM_Base_SetConfig
 .text.TIM_TI1_ConfigInputStage
                0x0800fbac       0x5e ./Drivers/STM32F4xx_HAL_Driver/Src/stm32f4xx_hal_tim.o
 .text.TIM_TI2_ConfigInputStage
                0x0800fc0a       0x60 ./Drivers/STM32F4xx_HAL_Driver/Src/stm32f4xx_hal_tim.o
 .text.TIM_ITRx_SetConfig
                0x0800fc6a       0x36 ./Drivers/STM32F4xx_HAL_Driver/Src/stm32f4xx_hal_tim.o
 .text.TIM_ETR_SetConfig
                0x0800fca0       0x40 ./Drivers/STM32F4xx_HAL_Driver/Src/stm32f4xx_hal_tim.o
                0x0800fca0                TIM_ETR_SetConfig
 .text.HAL_TIMEx_MasterConfigSynchronization
                0x0800fce0       0xdc ./Drivers/STM32F4xx_HAL_Driver/Src/stm32f4xx_hal_tim_ex.o
                0x0800fce0                HAL_TIMEx_MasterConfigSynchronization
 .text.HAL_TIMEx_CommutCallback
                0x0800fdbc       0x14 ./Drivers/STM32F4xx_HAL_Driver/Src/stm32f4xx_hal_tim_ex.o
                0x0800fdbc                HAL_TIMEx_CommutCallback
 .text.HAL_TIMEx_BreakCallback
                0x0800fdd0       0x14 ./Drivers/STM32F4xx_HAL_Driver/Src/stm32f4xx_hal_tim_ex.o
                0x0800fdd0                HAL_TIMEx_BreakCallback
 .text.MX_FATFS_Init
                0x0800fde4       0x24 ./FATFS/App/fatfs.o
                0x0800fde4                MX_FATFS_Init
 .text.get_fattime
                0x0800fe08       0x10 ./FATFS/App/fatfs.o
                0x0800fe08                get_fattime
 .text.USER_initialize
                0x0800fe18       0x1c ./FATFS/Target/user_diskio.o
                0x0800fe18                USER_initialize
 .text.USER_status
                0x0800fe34       0x1c ./FATFS/Target/user_diskio.o
                0x0800fe34                USER_status
 .text.USER_read
                0x0800fe50       0x26 ./FATFS/Target/user_diskio.o
                0x0800fe50                USER_read
 .text.USER_write
                0x0800fe76       0x26 ./FATFS/Target/user_diskio.o
                0x0800fe76                USER_write
 .text.USER_ioctl
                0x0800fe9c       0x26 ./FATFS/Target/user_diskio.o
                0x0800fe9c                USER_ioctl
 *fill*         0x0800fec2        0x2 
 .text.set_sd_interface_speed
                0x0800fec4       0x68 ./FATFS/Target/user_diskio_spi.o
 .text.spi_rw   0x0800ff2c       0x50 ./FATFS/Target/user_diskio_spi.o
 .text.HAL_SPI_TxRxCpltCallback
                0x0800ff7c       0x24 ./FATFS/Target/user_diskio_spi.o
                0x0800ff7c                HAL_SPI_TxRxCpltCallback
 .text.SPI_DMA_TransmitReceive
                0x0800ffa0       0xec ./FATFS/Target/user_diskio_spi.o
 .text.wait_ready
                0x0801008c       0x26 ./FATFS/Target/user_diskio_spi.o
 *fill*         0x080100b2        0x2 
 .text.send_cmd
                0x080100b4       0xe0 ./FATFS/Target/user_diskio_spi.o
 .text.USER_SPI_initialize
                0x08010194      0x1a4 ./FATFS/Target/user_diskio_spi.o
                0x08010194                USER_SPI_initialize
 .text.USER_SPI_status
                0x08010338       0x20 ./FATFS/Target/user_diskio_spi.o
                0x08010338                USER_SPI_status
 .text.rcvr_datablock
                0x08010358       0x48 ./FATFS/Target/user_diskio_spi.o
 .text.USER_SPI_read
                0x080103a0       0xcc ./FATFS/Target/user_diskio_spi.o
                0x080103a0                USER_SPI_read
 .text.xmit_datablock
                0x0801046c       0x62 ./FATFS/Target/user_diskio_spi.o
 *fill*         0x080104ce        0x2 
 .text.USER_SPI_write
                0x080104d0       0xf8 ./FATFS/Target/user_diskio_spi.o
                0x080104d0                USER_SPI_write
 .text.USER_SPI_ioctl
                0x080105c8      0x344 ./FATFS/Target/user_diskio_spi.o
                0x080105c8                USER_SPI_ioctl
 .text.disk_status
                0x0801090c       0x34 ./Middlewares/Third_Party/FatFs/src/diskio.o
                0x0801090c                disk_status
 .text.disk_initialize
                0x08010940       0x50 ./Middlewares/Third_Party/FatFs/src/diskio.o
                0x08010940                disk_initialize
 .text.disk_read
                0x08010990       0x40 ./Middlewares/Third_Party/FatFs/src/diskio.o
                0x08010990                disk_read
 .text.disk_write
                0x080109d0       0x40 ./Middlewares/Third_Party/FatFs/src/diskio.o
                0x080109d0                disk_write
 .text.disk_ioctl
                0x08010a10       0x3c ./Middlewares/Third_Party/FatFs/src/diskio.o
                0x08010a10                disk_ioctl
 .text.ld_word  0x08010a4c       0x30 ./Middlewares/Third_Party/FatFs/src/ff.o
 .text.ld_dword
                0x08010a7c       0x46 ./Middlewares/Third_Party/FatFs/src/ff.o
 .text.st_word  0x08010ac2       0x36 ./Middlewares/Third_Party/FatFs/src/ff.o
 .text.st_dword
                0x08010af8       0x58 ./Middlewares/Third_Party/FatFs/src/ff.o
 .text.mem_cpy  0x08010b50       0x42 ./Middlewares/Third_Party/FatFs/src/ff.o
 .text.mem_set  0x08010b92       0x36 ./Middlewares/Third_Party/FatFs/src/ff.o
 .text.mem_cmp  0x08010bc8       0x4e ./Middlewares/Third_Party/FatFs/src/ff.o
 .text.chk_chr  0x08010c16       0x36 ./Middlewares/Third_Party/FatFs/src/ff.o
 .text.chk_lock
                0x08010c4c       0xb8 ./Middlewares/Third_Party/FatFs/src/ff.o
 .text.enq_lock
                0x08010d04       0x44 ./Middlewares/Third_Party/FatFs/src/ff.o
 .text.inc_lock
                0x08010d48      0x11c ./Middlewares/Third_Party/FatFs/src/ff.o
 .text.dec_lock
                0x08010e64       0x78 ./Middlewares/Third_Party/FatFs/src/ff.o
 .text.clear_lock
                0x08010edc       0x48 ./Middlewares/Third_Party/FatFs/src/ff.o
 .text.sync_window
                0x08010f24       0x88 ./Middlewares/Third_Party/FatFs/src/ff.o
 .text.move_window
                0x08010fac       0x5a ./Middlewares/Third_Party/FatFs/src/ff.o
 *fill*         0x08011006        0x2 
 .text.sync_fs  0x08011008       0xdc ./Middlewares/Third_Party/FatFs/src/ff.o
 .text.clust2sect
                0x080110e4       0x3e ./Middlewares/Third_Party/FatFs/src/ff.o
 .text.get_fat  0x08011122      0x14e ./Middlewares/Third_Party/FatFs/src/ff.o
 .text.put_fat  0x08011270      0x1d4 ./Middlewares/Third_Party/FatFs/src/ff.o
 .text.remove_chain
                0x08011444       0xca ./Middlewares/Third_Party/FatFs/src/ff.o
 .text.create_chain
                0x0801150e      0x130 ./Middlewares/Third_Party/FatFs/src/ff.o
 .text.clmt_clust
                0x0801163e       0x68 ./Middlewares/Third_Party/FatFs/src/ff.o
 .text.dir_sdi  0x080116a6       0xf6 ./Middlewares/Third_Party/FatFs/src/ff.o
 .text.dir_next
                0x0801179c      0x18a ./Middlewares/Third_Party/FatFs/src/ff.o
 .text.dir_alloc
                0x08011926       0x8e ./Middlewares/Third_Party/FatFs/src/ff.o
 .text.ld_clust
                0x080119b4       0x3e ./Middlewares/Third_Party/FatFs/src/ff.o
 .text.st_clust
                0x080119f2       0x40 ./Middlewares/Third_Party/FatFs/src/ff.o
 *fill*         0x08011a32        0x2 
 .text.cmp_lfn  0x08011a34       0xe0 ./Middlewares/Third_Party/FatFs/src/ff.o
 .text.put_lfn  0x08011b14       0xd0 ./Middlewares/Third_Party/FatFs/src/ff.o
 .text.gen_numname
                0x08011be4      0x11c ./Middlewares/Third_Party/FatFs/src/ff.o
 .text.sum_sfn  0x08011d00       0x42 ./Middlewares/Third_Party/FatFs/src/ff.o
 .text.dir_find
                0x08011d42      0x180 ./Middlewares/Third_Party/FatFs/src/ff.o
 *fill*         0x08011ec2        0x2 
 .text.dir_register
                0x08011ec4      0x1f0 ./Middlewares/Third_Party/FatFs/src/ff.o
 .text.create_name
                0x080120b4      0x370 ./Middlewares/Third_Party/FatFs/src/ff.o
 .text.follow_path
                0x08012424       0xe2 ./Middlewares/Third_Party/FatFs/src/ff.o
 .text.get_ldnumber
                0x08012506       0x88 ./Middlewares/Third_Party/FatFs/src/ff.o
 *fill*         0x0801258e        0x2 
 .text.check_fs
                0x08012590       0xac ./Middlewares/Third_Party/FatFs/src/ff.o
 .text.find_volume
                0x0801263c      0x4a0 ./Middlewares/Third_Party/FatFs/src/ff.o
 .text.validate
                0x08012adc       0x6a ./Middlewares/Third_Party/FatFs/src/ff.o
 *fill*         0x08012b46        0x2 
 .text.f_mount  0x08012b48       0x8c ./Middlewares/Third_Party/FatFs/src/ff.o
                0x08012b48                f_mount
 .text.f_open   0x08012bd4      0x374 ./Middlewares/Third_Party/FatFs/src/ff.o
                0x08012bd4                f_open
 .text.f_read   0x08012f48      0x27e ./Middlewares/Third_Party/FatFs/src/ff.o
                0x08012f48                f_read
 .text.f_write  0x080131c6      0x2ea ./Middlewares/Third_Party/FatFs/src/ff.o
                0x080131c6                f_write
 .text.f_sync   0x080134b0       0xfc ./Middlewares/Third_Party/FatFs/src/ff.o
                0x080134b0                f_sync
 .text.f_close  0x080135ac       0x54 ./Middlewares/Third_Party/FatFs/src/ff.o
                0x080135ac                f_close
 .text.FATFS_LinkDriverEx
                0x08013600       0x98 ./Middlewares/Third_Party/FatFs/src/ff_gen_drv.o
                0x08013600                FATFS_LinkDriverEx
 .text.FATFS_LinkDriver
                0x08013698       0x1e ./Middlewares/Third_Party/FatFs/src/ff_gen_drv.o
                0x08013698                FATFS_LinkDriver
 *fill*         0x080136b6        0x2 
 .text.ff_convert
                0x080136b8       0x78 ./Middlewares/Third_Party/FatFs/src/option/ccsbcs.o
                0x080136b8                ff_convert
 .text.ff_wtoupper
                0x08013730      0x114 ./Middlewares/Third_Party/FatFs/src/option/ccsbcs.o
                0x08013730                ff_wtoupper
 .text.realloc  0x08013844       0x10 D:/STM32/stm32cubeide/STM32CubeIDE/plugins/com.st.stm32cube.ide.mcu.externaltools.gnu-tools-for-stm32.12.3.rel1.win32_1.0.200.202406191623/tools/bin/../lib/gcc/arm-none-eabi/12.3.1/../../../../arm-none-eabi/lib/thumb/v7e-m+fp/hard\libc_nano.a(libc_a-realloc.o)
                0x08013844                realloc
 .text._realloc_r
                0x08013854       0x5c D:/STM32/stm32cubeide/STM32CubeIDE/plugins/com.st.stm32cube.ide.mcu.externaltools.gnu-tools-for-stm32.12.3.rel1.win32_1.0.200.202406191623/tools/bin/../lib/gcc/arm-none-eabi/12.3.1/../../../../arm-none-eabi/lib/thumb/v7e-m+fp/hard\libc_nano.a(libc_a-reallocr.o)
                0x08013854                _realloc_r
 .text.sprintf  0x080138b0       0x40 D:/STM32/stm32cubeide/STM32CubeIDE/plugins/com.st.stm32cube.ide.mcu.externaltools.gnu-tools-for-stm32.12.3.rel1.win32_1.0.200.202406191623/tools/bin/../lib/gcc/arm-none-eabi/12.3.1/../../../../arm-none-eabi/lib/thumb/v7e-m+fp/hard\libc_nano.a(libc_a-sprintf.o)
                0x080138b0                siprintf
                0x080138b0                sprintf
 .text.memset   0x080138f0       0x10 D:/STM32/stm32cubeide/STM32CubeIDE/plugins/com.st.stm32cube.ide.mcu.externaltools.gnu-tools-for-stm32.12.3.rel1.win32_1.0.200.202406191623/tools/bin/../lib/gcc/arm-none-eabi/12.3.1/../../../../arm-none-eabi/lib/thumb/v7e-m+fp/hard\libc_nano.a(libc_a-memset.o)
                0x080138f0                memset
 .text.__errno  0x08013900        0xc D:/STM32/stm32cubeide/STM32CubeIDE/plugins/com.st.stm32cube.ide.mcu.externaltools.gnu-tools-for-stm32.12.3.rel1.win32_1.0.200.202406191623/tools/bin/../lib/gcc/arm-none-eabi/12.3.1/../../../../arm-none-eabi/lib/thumb/v7e-m+fp/hard\libc_nano.a(libc_a-errno.o)
                0x08013900                __errno
 .text.__libc_init_array
                0x0801390c       0x48 D:/STM32/stm32cubeide/STM32CubeIDE/plugins/com.st.stm32cube.ide.mcu.externaltools.gnu-tools-for-stm32.12.3.rel1.win32_1.0.200.202406191623/tools/bin/../lib/gcc/arm-none-eabi/12.3.1/../../../../arm-none-eabi/lib/thumb/v7e-m+fp/hard\libc_nano.a(libc_a-init.o)
                0x0801390c                __libc_init_array
 .text.__retarget_lock_acquire_recursive
                0x08013954        0x2 D:/STM32/stm32cubeide/STM32CubeIDE/plugins/com.st.stm32cube.ide.mcu.externaltools.gnu-tools-for-stm32.12.3.rel1.win32_1.0.200.202406191623/tools/bin/../lib/gcc/arm-none-eabi/12.3.1/../../../../arm-none-eabi/lib/thumb/v7e-m+fp/hard\libc_nano.a(libc_a-lock.o)
                0x08013954                __retarget_lock_acquire_recursive
 .text.__retarget_lock_release_recursive
                0x08013956        0x2 D:/STM32/stm32cubeide/STM32CubeIDE/plugins/com.st.stm32cube.ide.mcu.externaltools.gnu-tools-for-stm32.12.3.rel1.win32_1.0.200.202406191623/tools/bin/../lib/gcc/arm-none-eabi/12.3.1/../../../../arm-none-eabi/lib/thumb/v7e-m+fp/hard\libc_nano.a(libc_a-lock.o)
                0x08013956                __retarget_lock_release_recursive
 .text.memcpy   0x08013958       0x1c D:/STM32/stm32cubeide/STM32CubeIDE/plugins/com.st.stm32cube.ide.mcu.externaltools.gnu-tools-for-stm32.12.3.rel1.win32_1.0.200.202406191623/tools/bin/../lib/gcc/arm-none-eabi/12.3.1/../../../../arm-none-eabi/lib/thumb/v7e-m+fp/hard\libc_nano.a(libc_a-memcpy-stub.o)
                0x08013958                memcpy
 .text._free_r  0x08013974       0x94 D:/STM32/stm32cubeide/STM32CubeIDE/plugins/com.st.stm32cube.ide.mcu.externaltools.gnu-tools-for-stm32.12.3.rel1.win32_1.0.200.202406191623/tools/bin/../lib/gcc/arm-none-eabi/12.3.1/../../../../arm-none-eabi/lib/thumb/v7e-m+fp/hard\libc_nano.a(libc_a-freer.o)
                0x08013974                _free_r
 .text.sbrk_aligned
                0x08013a08       0x44 D:/STM32/stm32cubeide/STM32CubeIDE/plugins/com.st.stm32cube.ide.mcu.externaltools.gnu-tools-for-stm32.12.3.rel1.win32_1.0.200.202406191623/tools/bin/../lib/gcc/arm-none-eabi/12.3.1/../../../../arm-none-eabi/lib/thumb/v7e-m+fp/hard\libc_nano.a(libc_a-mallocr.o)
 .text._malloc_r
                0x08013a4c      0x100 D:/STM32/stm32cubeide/STM32CubeIDE/plugins/com.st.stm32cube.ide.mcu.externaltools.gnu-tools-for-stm32.12.3.rel1.win32_1.0.200.202406191623/tools/bin/../lib/gcc/arm-none-eabi/12.3.1/../../../../arm-none-eabi/lib/thumb/v7e-m+fp/hard\libc_nano.a(libc_a-mallocr.o)
                0x08013a4c                _malloc_r
 .text.__malloc_lock
                0x08013b4c        0xc D:/STM32/stm32cubeide/STM32CubeIDE/plugins/com.st.stm32cube.ide.mcu.externaltools.gnu-tools-for-stm32.12.3.rel1.win32_1.0.200.202406191623/tools/bin/../lib/gcc/arm-none-eabi/12.3.1/../../../../arm-none-eabi/lib/thumb/v7e-m+fp/hard\libc_nano.a(libc_a-mlock.o)
                0x08013b4c                __malloc_lock
 .text.__malloc_unlock
                0x08013b58        0xc D:/STM32/stm32cubeide/STM32CubeIDE/plugins/com.st.stm32cube.ide.mcu.externaltools.gnu-tools-for-stm32.12.3.rel1.win32_1.0.200.202406191623/tools/bin/../lib/gcc/arm-none-eabi/12.3.1/../../../../arm-none-eabi/lib/thumb/v7e-m+fp/hard\libc_nano.a(libc_a-mlock.o)
                0x08013b58                __malloc_unlock
 .text._malloc_usable_size_r
                0x08013b64       0x10 D:/STM32/stm32cubeide/STM32CubeIDE/plugins/com.st.stm32cube.ide.mcu.externaltools.gnu-tools-for-stm32.12.3.rel1.win32_1.0.200.202406191623/tools/bin/../lib/gcc/arm-none-eabi/12.3.1/../../../../arm-none-eabi/lib/thumb/v7e-m+fp/hard\libc_nano.a(libc_a-msizer.o)
                0x08013b64                _malloc_usable_size_r
 .text.__ssputs_r
                0x08013b74       0xb6 D:/STM32/stm32cubeide/STM32CubeIDE/plugins/com.st.stm32cube.ide.mcu.externaltools.gnu-tools-for-stm32.12.3.rel1.win32_1.0.200.202406191623/tools/bin/../lib/gcc/arm-none-eabi/12.3.1/../../../../arm-none-eabi/lib/thumb/v7e-m+fp/hard\libc_nano.a(libc_a-nano-svfprintf.o)
                0x08013b74                __ssputs_r
 *fill*         0x08013c2a        0x2 
 .text._svfprintf_r
                0x08013c2c      0x1f8 D:/STM32/stm32cubeide/STM32CubeIDE/plugins/com.st.stm32cube.ide.mcu.externaltools.gnu-tools-for-stm32.12.3.rel1.win32_1.0.200.202406191623/tools/bin/../lib/gcc/arm-none-eabi/12.3.1/../../../../arm-none-eabi/lib/thumb/v7e-m+fp/hard\libc_nano.a(libc_a-nano-svfprintf.o)
                0x08013c2c                _svfiprintf_r
                0x08013c2c                _svfprintf_r
 .text._printf_common
                0x08013e24       0xda D:/STM32/stm32cubeide/STM32CubeIDE/plugins/com.st.stm32cube.ide.mcu.externaltools.gnu-tools-for-stm32.12.3.rel1.win32_1.0.200.202406191623/tools/bin/../lib/gcc/arm-none-eabi/12.3.1/../../../../arm-none-eabi/lib/thumb/v7e-m+fp/hard\libc_nano.a(libc_a-nano-vfprintf_i.o)
                0x08013e24                _printf_common
 *fill*         0x08013efe        0x2 
 .text._printf_i
                0x08013f00      0x240 D:/STM32/stm32cubeide/STM32CubeIDE/plugins/com.st.stm32cube.ide.mcu.externaltools.gnu-tools-for-stm32.12.3.rel1.win32_1.0.200.202406191623/tools/bin/../lib/gcc/arm-none-eabi/12.3.1/../../../../arm-none-eabi/lib/thumb/v7e-m+fp/hard\libc_nano.a(libc_a-nano-vfprintf_i.o)
                0x08013f00                _printf_i
 .text.memmove  0x08014140       0x34 D:/STM32/stm32cubeide/STM32CubeIDE/plugins/com.st.stm32cube.ide.mcu.externaltools.gnu-tools-for-stm32.12.3.rel1.win32_1.0.200.202406191623/tools/bin/../lib/gcc/arm-none-eabi/12.3.1/../../../../arm-none-eabi/lib/thumb/v7e-m+fp/hard\libc_nano.a(libc_a-memmove.o)
                0x08014140                memmove
 .text._sbrk_r  0x08014174       0x20 D:/STM32/stm32cubeide/STM32CubeIDE/plugins/com.st.stm32cube.ide.mcu.externaltools.gnu-tools-for-stm32.12.3.rel1.win32_1.0.200.202406191623/tools/bin/../lib/gcc/arm-none-eabi/12.3.1/../../../../arm-none-eabi/lib/thumb/v7e-m+fp/hard\libc_nano.a(libc_a-sbrkr.o)
                0x08014174                _sbrk_r
 *(.glue_7)
 .glue_7        0x08014194        0x0 linker stubs
 *(.glue_7t)
 .glue_7t       0x08014194        0x0 linker stubs
 *(.eh_frame)
 .eh_frame      0x08014194        0x0 D:/STM32/stm32cubeide/STM32CubeIDE/plugins/com.st.stm32cube.ide.mcu.externaltools.gnu-tools-for-stm32.12.3.rel1.win32_1.0.200.202406191623/tools/bin/../lib/gcc/arm-none-eabi/12.3.1/thumb/v7e-m+fp/hard/crtbegin.o
 *(.init)
 .init          0x08014194        0x4 D:/STM32/stm32cubeide/STM32CubeIDE/plugins/com.st.stm32cube.ide.mcu.externaltools.gnu-tools-for-stm32.12.3.rel1.win32_1.0.200.202406191623/tools/bin/../lib/gcc/arm-none-eabi/12.3.1/thumb/v7e-m+fp/hard/crti.o
                0x08014194                _init
 .init          0x08014198        0x8 D:/STM32/stm32cubeide/STM32CubeIDE/plugins/com.st.stm32cube.ide.mcu.externaltools.gnu-tools-for-stm32.12.3.rel1.win32_1.0.200.202406191623/tools/bin/../lib/gcc/arm-none-eabi/12.3.1/thumb/v7e-m+fp/hard/crtn.o
 *(.fini)
 .fini          0x080141a0        0x4 D:/STM32/stm32cubeide/STM32CubeIDE/plugins/com.st.stm32cube.ide.mcu.externaltools.gnu-tools-for-stm32.12.3.rel1.win32_1.0.200.202406191623/tools/bin/../lib/gcc/arm-none-eabi/12.3.1/thumb/v7e-m+fp/hard/crti.o
                0x080141a0                _fini
 .fini          0x080141a4        0x8 D:/STM32/stm32cubeide/STM32CubeIDE/plugins/com.st.stm32cube.ide.mcu.externaltools.gnu-tools-for-stm32.12.3.rel1.win32_1.0.200.202406191623/tools/bin/../lib/gcc/arm-none-eabi/12.3.1/thumb/v7e-m+fp/hard/crtn.o
                0x080141ac                        . = ALIGN (0x4)
                0x080141ac                        _etext = .

.vfp11_veneer   0x080141ac        0x0
 .vfp11_veneer  0x080141ac        0x0 linker stubs

.v4_bx          0x080141ac        0x0
 .v4_bx         0x080141ac        0x0 linker stubs

.iplt           0x080141ac        0x0
 .iplt          0x080141ac        0x0 D:/STM32/stm32cubeide/STM32CubeIDE/plugins/com.st.stm32cube.ide.mcu.externaltools.gnu-tools-for-stm32.12.3.rel1.win32_1.0.200.202406191623/tools/bin/../lib/gcc/arm-none-eabi/12.3.1/thumb/v7e-m+fp/hard/crtbegin.o

.rodata         0x080141ac     0x2ccc
                0x080141ac                        . = ALIGN (0x4)
 *(.rodata)
 .rodata        0x080141ac        0x3 ./Core/Src/OLED.o
 *fill*         0x080141af        0x1 
 .rodata        0x080141b0      0x55e ./Core/Src/main.o
 *fill*         0x0801470e        0x2 
 .rodata        0x08014710       0x48 ./Middlewares/Third_Party/FatFs/src/ff.o
 *(.rodata*)
 .rodata.Segoe_UI_Rus_12
                0x08014758      0xba4 ./Core/Src/OLED_Fonst.o
                0x08014758                Segoe_UI_Rus_12
 .rodata.Segoe_UI_Rus_10
                0x080152fc      0xa24 ./Core/Src/OLED_Fonst.o
                0x080152fc                Segoe_UI_Rus_10
 .rodata.Segoe_UI_Eng_10
                0x08015d20      0x964 ./Core/Src/OLED_Fonst.o
                0x08015d20                Segoe_UI_Eng_10
 .rodata.ImageSleepMode
                0x08016684      0x200 ./Core/Src/main.o
 .rodata.ImageSad
                0x08016884      0x15e ./Core/Src/main.o
 *fill*         0x080169e2        0x2 
 .rodata.AHBPrescTable
                0x080169e4       0x10 ./Core/Src/system_stm32f4xx.o
                0x080169e4                AHBPrescTable
 .rodata.APBPrescTable
                0x080169f4        0x8 ./Core/Src/system_stm32f4xx.o
                0x080169f4                APBPrescTable
 .rodata.flagBitshiftOffset.0
                0x080169fc        0x8 ./Drivers/STM32F4xx_HAL_Driver/Src/stm32f4xx_hal_dma.o
 .rodata.ExCvt  0x08016a04       0x80 ./Middlewares/Third_Party/FatFs/src/ff.o
 .rodata.LfnOfs
                0x08016a84        0xd ./Middlewares/Third_Party/FatFs/src/ff.o
 *fill*         0x08016a91        0x3 
 .rodata.Tbl    0x08016a94      0x100 ./Middlewares/Third_Party/FatFs/src/option/ccsbcs.o
 .rodata.cvt1.1
                0x08016b94      0x1f2 ./Middlewares/Third_Party/FatFs/src/option/ccsbcs.o
 *fill*         0x08016d86        0x2 
 .rodata.cvt2.0
                0x08016d88       0xbc ./Middlewares/Third_Party/FatFs/src/option/ccsbcs.o
 .rodata._svfprintf_r.str1.1
                0x08016e44       0x11 D:/STM32/stm32cubeide/STM32CubeIDE/plugins/com.st.stm32cube.ide.mcu.externaltools.gnu-tools-for-stm32.12.3.rel1.win32_1.0.200.202406191623/tools/bin/../lib/gcc/arm-none-eabi/12.3.1/../../../../arm-none-eabi/lib/thumb/v7e-m+fp/hard\libc_nano.a(libc_a-nano-svfprintf.o)
 .rodata._printf_i.str1.1
                0x08016e55       0x22 D:/STM32/stm32cubeide/STM32CubeIDE/plugins/com.st.stm32cube.ide.mcu.externaltools.gnu-tools-for-stm32.12.3.rel1.win32_1.0.200.202406191623/tools/bin/../lib/gcc/arm-none-eabi/12.3.1/../../../../arm-none-eabi/lib/thumb/v7e-m+fp/hard\libc_nano.a(libc_a-nano-vfprintf_i.o)
                0x08016e78                        . = ALIGN (0x4)
 *fill*         0x08016e77        0x1 

.ARM.extab      0x08016e78        0x0
                0x08016e78                        . = ALIGN (0x4)
 *(.ARM.extab* .gnu.linkonce.armextab.*)
                0x08016e78                        . = ALIGN (0x4)

.ARM            0x08016e78        0x8
                0x08016e78                        . = ALIGN (0x4)
                0x08016e78                        __exidx_start = .
 *(.ARM.exidx*)
 .ARM.exidx     0x08016e78        0x8 D:/STM32/stm32cubeide/STM32CubeIDE/plugins/com.st.stm32cube.ide.mcu.externaltools.gnu-tools-for-stm32.12.3.rel1.win32_1.0.200.202406191623/tools/bin/../lib/gcc/arm-none-eabi/12.3.1/../../../../arm-none-eabi/lib/thumb/v7e-m+fp/hard\libc_nano.a(libc_a-strlen.o)
 .ARM.exidx     0x08016e80        0x0 D:/STM32/stm32cubeide/STM32CubeIDE/plugins/com.st.stm32cube.ide.mcu.externaltools.gnu-tools-for-stm32.12.3.rel1.win32_1.0.200.202406191623/tools/bin/../lib/gcc/arm-none-eabi/12.3.1/../../../../arm-none-eabi/lib/thumb/v7e-m+fp/hard\libc_nano.a(libc_a-memchr.o)
                                  0x8 (size before relaxing)
 .ARM.exidx     0x08016e80        0x0 D:/STM32/stm32cubeide/STM32CubeIDE/plugins/com.st.stm32cube.ide.mcu.externaltools.gnu-tools-for-stm32.12.3.rel1.win32_1.0.200.202406191623/tools/bin/../lib/gcc/arm-none-eabi/12.3.1/thumb/v7e-m+fp/hard\libgcc.a(_udivmoddi4.o)
                                  0x8 (size before relaxing)
                0x08016e80                        __exidx_end = .
                0x08016e80                        . = ALIGN (0x4)

.preinit_array  0x08016e80        0x0
                0x08016e80                        . = ALIGN (0x4)
                0x08016e80                        PROVIDE (__preinit_array_start = .)
 *(.preinit_array*)
                0x08016e80                        PROVIDE (__preinit_array_end = .)
                0x08016e80                        . = ALIGN (0x4)

.init_array     0x08016e80        0x4
                0x08016e80                        . = ALIGN (0x4)
                0x08016e80                        PROVIDE (__init_array_start = .)
 *(SORT_BY_NAME(.init_array.*))
 *(.init_array*)
 .init_array    0x08016e80        0x4 D:/STM32/stm32cubeide/STM32CubeIDE/plugins/com.st.stm32cube.ide.mcu.externaltools.gnu-tools-for-stm32.12.3.rel1.win32_1.0.200.202406191623/tools/bin/../lib/gcc/arm-none-eabi/12.3.1/thumb/v7e-m+fp/hard/crtbegin.o
                0x08016e84                        PROVIDE (__init_array_end = .)
                0x08016e84                        . = ALIGN (0x4)

.fini_array     0x08016e84        0x4
                0x08016e84                        . = ALIGN (0x4)
                [!provide]                        PROVIDE (__fini_array_start = .)
 *(SORT_BY_NAME(.fini_array.*))
 *(.fini_array*)
 .fini_array    0x08016e84        0x4 D:/STM32/stm32cubeide/STM32CubeIDE/plugins/com.st.stm32cube.ide.mcu.externaltools.gnu-tools-for-stm32.12.3.rel1.win32_1.0.200.202406191623/tools/bin/../lib/gcc/arm-none-eabi/12.3.1/thumb/v7e-m+fp/hard/crtbegin.o
                [!provide]                        PROVIDE (__fini_array_end = .)
                0x08016e88                        . = ALIGN (0x4)
                0x08016e88                        _sidata = LOADADDR (.data)

.rel.dyn        0x08016e88        0x0
 .rel.iplt      0x08016e88        0x0 D:/STM32/stm32cubeide/STM32CubeIDE/plugins/com.st.stm32cube.ide.mcu.externaltools.gnu-tools-for-stm32.12.3.rel1.win32_1.0.200.202406191623/tools/bin/../lib/gcc/arm-none-eabi/12.3.1/thumb/v7e-m+fp/hard/crtbegin.o

.data           0x20000000      0x1ac load address 0x08016e88
                0x20000000                        . = ALIGN (0x4)
                0x20000000                        _sdata = .
 *(.data)
 *(.data*)
 .data.oled_start_column
                0x20000000        0x1 ./Core/Src/OLED.o
 *fill*         0x20000001        0x3 
 .data.ptr_NumberSetDate
                0x20000004        0x4 ./Core/Src/main.o
                0x20000004                ptr_NumberSetDate
 .data.ptr_NumberSetTime
                0x20000008        0x4 ./Core/Src/main.o
                0x20000008                ptr_NumberSetTime
 .data.NumberSetDayOfWeek
                0x2000000c        0x1 ./Core/Src/main.o
                0x2000000c                NumberSetDayOfWeek
 *fill*         0x2000000d        0x3 
 .data.ptr_NumberSetTimeWater
                0x20000010        0x4 ./Core/Src/main.o
                0x20000010                ptr_NumberSetTimeWater
 .data.ptr_NumberSetDurationWater
                0x20000014        0x4 ./Core/Src/main.o
                0x20000014                ptr_NumberSetDurationWater
 .data.ptr_NumberSetScreenOff
                0x20000018        0x4 ./Core/Src/main.o
                0x20000018                ptr_NumberSetScreenOff
 .data.info_frame_0
                0x2000001c        0x5 ./Core/Src/main.o
                0x2000001c                info_frame_0
 *fill*         0x20000021        0x3 
 .data.poss_ix_0
                0x20000024        0x5 ./Core/Src/main.o
                0x20000024                poss_ix_0
 *fill*         0x20000029        0x3 
 .data.poss_ix_2
                0x2000002c        0x5 ./Core/Src/main.o
                0x2000002c                poss_ix_2
 *fill*         0x20000031        0x3 
 .data.poss_ix_3
                0x20000034        0x5 ./Core/Src/main.o
                0x20000034                poss_ix_3
 *fill*         0x20000039        0x3 
 .data.poss_ix_4
                0x2000003c        0x5 ./Core/Src/main.o
                0x2000003c                poss_ix_4
 *fill*         0x20000041        0x3 
 .data.poss_ix_5
                0x20000044        0x5 ./Core/Src/main.o
                0x20000044                poss_ix_5
 *fill*         0x20000049        0x3 
 .data.poss_ix_6
                0x2000004c        0x5 ./Core/Src/main.o
                0x2000004c                poss_ix_6
 *fill*         0x20000051        0x3 
 .data.poss_ix_7
                0x20000054        0x5 ./Core/Src/main.o
                0x20000054                poss_ix_7
 *fill*         0x20000059        0x3 
 .data.poss_ix_8
                0x2000005c        0x5 ./Core/Src/main.o
                0x2000005c                poss_ix_8
 *fill*         0x20000061        0x3 
 .data.poss_ix_10
                0x20000064        0x5 ./Core/Src/main.o
                0x20000064                poss_ix_10
 *fill*         0x20000069        0x3 
 .data.poss_ix_12
                0x2000006c        0x5 ./Core/Src/main.o
                0x2000006c                poss_ix_12
 *fill*         0x20000071        0x3 
 .data.poss_ix_13
                0x20000074        0x5 ./Core/Src/main.o
                0x20000074                poss_ix_13
 *fill*         0x20000079        0x3 
 .data.poss_ix_14
                0x2000007c        0x5 ./Core/Src/main.o
                0x2000007c                poss_ix_14
 *fill*         0x20000081        0x3 
 .data.poss_ix_15
                0x20000084        0x5 ./Core/Src/main.o
                0x20000084                poss_ix_15
 *fill*         0x20000089        0x3 
 .data.poss_ix_16
                0x2000008c        0x5 ./Core/Src/main.o
                0x2000008c                poss_ix_16
 *fill*         0x20000091        0x3 
 .data.poss_ix_17
                0x20000094        0x5 ./Core/Src/main.o
                0x20000094                poss_ix_17
 *fill*         0x20000099        0x3 
 .data.poss_ix_18
                0x2000009c        0x5 ./Core/Src/main.o
                0x2000009c                poss_ix_18
 *fill*         0x200000a1        0x3 
 .data.poss_ix_19
                0x200000a4        0x5 ./Core/Src/main.o
                0x200000a4                poss_ix_19
 *fill*         0x200000a9        0x3 
 .data.poss_ix_20
                0x200000ac        0x5 ./Core/Src/main.o
                0x200000ac                poss_ix_20
 *fill*         0x200000b1        0x3 
 .data.poss_ix_21
                0x200000b4        0x5 ./Core/Src/main.o
                0x200000b4                poss_ix_21
 *fill*         0x200000b9        0x3 
 .data.poss_ix_22
                0x200000bc        0x5 ./Core/Src/main.o
                0x200000bc                poss_ix_22
 *fill*         0x200000c1        0x3 
 .data.poss_ix_23
                0x200000c4        0x5 ./Core/Src/main.o
                0x200000c4                poss_ix_23
 *fill*         0x200000c9        0x3 
 .data.poss_ix_24
                0x200000cc        0x5 ./Core/Src/main.o
                0x200000cc                poss_ix_24
 *fill*         0x200000d1        0x3 
 .data.poss_ix_25
                0x200000d4        0x5 ./Core/Src/main.o
                0x200000d4                poss_ix_25
 *fill*         0x200000d9        0x3 
 .data.poss_ix_26
                0x200000dc        0x5 ./Core/Src/main.o
                0x200000dc                poss_ix_26
 *fill*         0x200000e1        0x3 
 .data.poss_ix_27
                0x200000e4        0x5 ./Core/Src/main.o
                0x200000e4                poss_ix_27
 *fill*         0x200000e9        0x3 
 .data.poss_ix_28
                0x200000ec        0x5 ./Core/Src/main.o
                0x200000ec                poss_ix_28
 *fill*         0x200000f1        0x3 
 .data.poss_ix_29
                0x200000f4        0x5 ./Core/Src/main.o
                0x200000f4                poss_ix_29
 *fill*         0x200000f9        0x3 
 .data.poss_ix_30
                0x200000fc        0x5 ./Core/Src/main.o
                0x200000fc                poss_ix_30
 *fill*         0x20000101        0x3 
 .data.poss_ix_31
                0x20000104        0x5 ./Core/Src/main.o
                0x20000104                poss_ix_31
 *fill*         0x20000109        0x3 
 .data.poss_ix_32
                0x2000010c        0x5 ./Core/Src/main.o
                0x2000010c                poss_ix_32
 *fill*         0x20000111        0x3 
 .data.poss_ix_33
                0x20000114        0x5 ./Core/Src/main.o
                0x20000114                poss_ix_33
 *fill*         0x20000119        0x3 
 .data.ptr_timeSetDate
                0x2000011c        0x4 ./Core/Src/main.o
                0x2000011c                ptr_timeSetDate
 .data.ptr_WateringParams
                0x20000120        0x4 ./Core/Src/main.o
                0x20000120                ptr_WateringParams
 .data.ptr_WateringParamsSet
                0x20000124        0x4 ./Core/Src/main.o
                0x20000124                ptr_WateringParamsSet
 .data.ptr_ScreenOff
                0x20000128        0x4 ./Core/Src/main.o
                0x20000128                ptr_ScreenOff
 .data.ptr_ScreenOffSet
                0x2000012c        0x4 ./Core/Src/main.o
                0x2000012c                ptr_ScreenOffSet
 .data.ptr_WaterLevelSensorState
                0x20000130        0x4 ./Core/Src/main.o
                0x20000130                ptr_WaterLevelSensorState
 .data.WaterLevel
                0x20000134        0x1 ./Core/Src/main.o
                0x20000134                WaterLevel
 *fill*         0x20000135        0x3 
 .data.SystemCoreClock
                0x20000138        0x4 ./Core/Src/system_stm32f4xx.o
                0x20000138                SystemCoreClock
 .data.uwTickPrio
                0x2000013c        0x4 ./Drivers/STM32F4xx_HAL_Driver/Src/stm32f4xx_hal.o
                0x2000013c                uwTickPrio
 .data.uwTickFreq
                0x20000140        0x1 ./Drivers/STM32F4xx_HAL_Driver/Src/stm32f4xx_hal.o
                0x20000140                uwTickFreq
 *fill*         0x20000141        0x3 
 .data.USER_Driver
                0x20000144       0x14 ./FATFS/Target/user_diskio.o
                0x20000144                USER_Driver
 .data.Stat     0x20000158        0x1 ./FATFS/Target/user_diskio_spi.o
 *fill*         0x20000159        0x3 
 .data._impure_ptr
                0x2000015c        0x4 D:/STM32/stm32cubeide/STM32CubeIDE/plugins/com.st.stm32cube.ide.mcu.externaltools.gnu-tools-for-stm32.12.3.rel1.win32_1.0.200.202406191623/tools/bin/../lib/gcc/arm-none-eabi/12.3.1/../../../../arm-none-eabi/lib/thumb/v7e-m+fp/hard\libc_nano.a(libc_a-impure.o)
                0x2000015c                _impure_ptr
 .data._impure_data
                0x20000160       0x4c D:/STM32/stm32cubeide/STM32CubeIDE/plugins/com.st.stm32cube.ide.mcu.externaltools.gnu-tools-for-stm32.12.3.rel1.win32_1.0.200.202406191623/tools/bin/../lib/gcc/arm-none-eabi/12.3.1/../../../../arm-none-eabi/lib/thumb/v7e-m+fp/hard\libc_nano.a(libc_a-impure.o)
                0x20000160                _impure_data
 *(.RamFunc)
 *(.RamFunc*)
                0x200001ac                        . = ALIGN (0x4)
                0x200001ac                        _edata = .

.igot.plt       0x200001ac        0x0 load address 0x08017034
 .igot.plt      0x200001ac        0x0 D:/STM32/stm32cubeide/STM32CubeIDE/plugins/com.st.stm32cube.ide.mcu.externaltools.gnu-tools-for-stm32.12.3.rel1.win32_1.0.200.202406191623/tools/bin/../lib/gcc/arm-none-eabi/12.3.1/thumb/v7e-m+fp/hard/crtbegin.o
                0x200001ac                        . = ALIGN (0x4)

.bss            0x200001ac     0x15d8 load address 0x08017034
                0x200001ac                        _sbss = .
                0x200001ac                        __bss_start__ = _sbss
 *(.bss)
 .bss           0x200001ac       0x1c D:/STM32/stm32cubeide/STM32CubeIDE/plugins/com.st.stm32cube.ide.mcu.externaltools.gnu-tools-for-stm32.12.3.rel1.win32_1.0.200.202406191623/tools/bin/../lib/gcc/arm-none-eabi/12.3.1/thumb/v7e-m+fp/hard/crtbegin.o
 *(.bss*)
 .bss.oled_buffer
                0x200001c8      0x400 ./Core/Src/OLED.o
 .bss.hi2c      0x200005c8        0x4 ./Core/Src/OLED.o
 .bss.Font      0x200005cc       0x10 ./Core/Src/OLED_Fonst.o
                0x200005cc                Font
 .bss.KEYB_old_keys
                0x200005dc        0x4 ./Core/Src/keyboard.o
                0x200005dc                KEYB_old_keys
 .bss.KEYB_repeat_pre_count
                0x200005e0        0x4 ./Core/Src/keyboard.o
                0x200005e0                KEYB_repeat_pre_count
 .bss.KEYB_repeat_fl
                0x200005e4        0x1 ./Core/Src/keyboard.o
                0x200005e4                KEYB_repeat_fl
 *fill*         0x200005e5        0x3 
 .bss.KEYB_repeat_count
                0x200005e8        0x4 ./Core/Src/keyboard.o
                0x200005e8                KEYB_repeat_count
 .bss.KEYB_contact_counter
                0x200005ec        0x1 ./Core/Src/keyboard.o
                0x200005ec                KEYB_contact_counter
 *fill*         0x200005ed        0x3 
 .bss.KEYB_key_buff
                0x200005f0       0x50 ./Core/Src/keyboard.o
                0x200005f0                KEYB_key_buff
 .bss.KEYB_count_key
                0x20000640        0x1 ./Core/Src/keyboard.o
                0x20000640                KEYB_count_key
 .bss.KEYB_all_button
                0x20000641        0x1 ./Core/Src/keyboard.o
                0x20000641                KEYB_all_button
 *fill*         0x20000642        0x2 
 .bss.KEYB_keys_map
                0x20000644        0x4 ./Core/Src/keyboard.o
                0x20000644                KEYB_keys_map
 .bss.hadc1     0x20000648       0x48 ./Core/Src/main.o
                0x20000648                hadc1
 .bss.hdma_adc1
                0x20000690       0x60 ./Core/Src/main.o
                0x20000690                hdma_adc1
 .bss.hcrc      0x200006f0        0x8 ./Core/Src/main.o
                0x200006f0                hcrc
 .bss.hi2c1     0x200006f8       0x54 ./Core/Src/main.o
                0x200006f8                hi2c1
 .bss.hi2c2     0x2000074c       0x54 ./Core/Src/main.o
                0x2000074c                hi2c2
 .bss.hspi1     0x200007a0       0x58 ./Core/Src/main.o
                0x200007a0                hspi1
 .bss.hdma_spi1_rx
                0x200007f8       0x60 ./Core/Src/main.o
                0x200007f8                hdma_spi1_rx
 .bss.hdma_spi1_tx
                0x20000858       0x60 ./Core/Src/main.o
                0x20000858                hdma_spi1_tx
 .bss.htim2     0x200008b8       0x48 ./Core/Src/main.o
                0x200008b8                htim2
 .bss.htim3     0x20000900       0x48 ./Core/Src/main.o
                0x20000900                htim3
 .bss.htim4     0x20000948       0x48 ./Core/Src/main.o
                0x20000948                htim4
 .bss.htim5     0x20000990       0x48 ./Core/Src/main.o
                0x20000990                htim5
 .bss.NumberSetDate
                0x200009d8        0x6 ./Core/Src/main.o
                0x200009d8                NumberSetDate
 *fill*         0x200009de        0x2 
 .bss.NumberSetTime
                0x200009e0        0x6 ./Core/Src/main.o
                0x200009e0                NumberSetTime
 .bss.CurrentDigitSetDate
                0x200009e6        0x1 ./Core/Src/main.o
                0x200009e6                CurrentDigitSetDate
 .bss.CurrentNumberSetDate
                0x200009e7        0x1 ./Core/Src/main.o
                0x200009e7                CurrentNumberSetDate
 .bss.CurrentDigitSetTime
                0x200009e8        0x1 ./Core/Src/main.o
                0x200009e8                CurrentDigitSetTime
 .bss.CurrentNumberSetTime
                0x200009e9        0x1 ./Core/Src/main.o
                0x200009e9                CurrentNumberSetTime
 .bss.cnt_SetDate
                0x200009ea        0x1 ./Core/Src/main.o
                0x200009ea                cnt_SetDate
 .bss.cnt_SetDayOfWeek
                0x200009eb        0x1 ./Core/Src/main.o
                0x200009eb                cnt_SetDayOfWeek
 .bss.cnt_SetTime
                0x200009ec        0x1 ./Core/Src/main.o
                0x200009ec                cnt_SetTime
 .bss.f_StSetDate
                0x200009ed        0x1 ./Core/Src/main.o
                0x200009ed                f_StSetDate
 .bss.f_StSetDayOfWeek
                0x200009ee        0x1 ./Core/Src/main.o
                0x200009ee                f_StSetDayOfWeek
 .bss.f_StSetTime
                0x200009ef        0x1 ./Core/Src/main.o
                0x200009ef                f_StSetTime
 .bss.new_CondSetDate
                0x200009f0        0x1 ./Core/Src/main.o
                0x200009f0                new_CondSetDate
 .bss.old_CondSetDate
                0x200009f1        0x1 ./Core/Src/main.o
                0x200009f1                old_CondSetDate
 .bss.f_DateIsSet
                0x200009f2        0x1 ./Core/Src/main.o
                0x200009f2                f_DateIsSet
 .bss.new_CondSetDayOfWeek
                0x200009f3        0x1 ./Core/Src/main.o
                0x200009f3                new_CondSetDayOfWeek
 .bss.old_CondSetDayOfWeek
                0x200009f4        0x1 ./Core/Src/main.o
                0x200009f4                old_CondSetDayOfWeek
 .bss.f_DayOfWeekIsSet
                0x200009f5        0x1 ./Core/Src/main.o
                0x200009f5                f_DayOfWeekIsSet
 .bss.new_CondSetTime
                0x200009f6        0x1 ./Core/Src/main.o
                0x200009f6                new_CondSetTime
 .bss.old_CondSetTime
                0x200009f7        0x1 ./Core/Src/main.o
                0x200009f7                old_CondSetTime
 .bss.f_TimeIsSet
                0x200009f8        0x1 ./Core/Src/main.o
                0x200009f8                f_TimeIsSet
 *fill*         0x200009f9        0x3 
 .bss.NumberSetTimeWater
                0x200009fc        0x6 ./Core/Src/main.o
                0x200009fc                NumberSetTimeWater
 *fill*         0x20000a02        0x2 
 .bss.NumberSetDurationWater
                0x20000a04        0x4 ./Core/Src/main.o
                0x20000a04                NumberSetDurationWater
 .bss.WaterDays
                0x20000a08        0x1 ./Core/Src/main.o
                0x20000a08                WaterDays
 .bss.CurrentDigitSetTimeWater
                0x20000a09        0x1 ./Core/Src/main.o
                0x20000a09                CurrentDigitSetTimeWater
 .bss.CurrentNumberSetTimeWater
                0x20000a0a        0x1 ./Core/Src/main.o
                0x20000a0a                CurrentNumberSetTimeWater
 .bss.CurrentDigitSetDurationWater
                0x20000a0b        0x1 ./Core/Src/main.o
                0x20000a0b                CurrentDigitSetDurationWater
 .bss.CurrentNumberSetDurationWater
                0x20000a0c        0x1 ./Core/Src/main.o
                0x20000a0c                CurrentNumberSetDurationWater
 .bss.CurrentDigitSetDaysWater
                0x20000a0d        0x1 ./Core/Src/main.o
                0x20000a0d                CurrentDigitSetDaysWater
 .bss.cnt_SetTimeWater
                0x20000a0e        0x1 ./Core/Src/main.o
                0x20000a0e                cnt_SetTimeWater
 .bss.cnt_SetDurationWater
                0x20000a0f        0x1 ./Core/Src/main.o
                0x20000a0f                cnt_SetDurationWater
 .bss.cnt_SetDaysWater
                0x20000a10        0x1 ./Core/Src/main.o
                0x20000a10                cnt_SetDaysWater
 .bss.f_StSetTimeWater
                0x20000a11        0x1 ./Core/Src/main.o
                0x20000a11                f_StSetTimeWater
 .bss.f_StSetDurationWater
                0x20000a12        0x1 ./Core/Src/main.o
                0x20000a12                f_StSetDurationWater
 .bss.f_StSetDaysWater
                0x20000a13        0x1 ./Core/Src/main.o
                0x20000a13                f_StSetDaysWater
 .bss.new_CondSetTimeWater
                0x20000a14        0x1 ./Core/Src/main.o
                0x20000a14                new_CondSetTimeWater
 .bss.old_CondSetTimeWater
                0x20000a15        0x1 ./Core/Src/main.o
                0x20000a15                old_CondSetTimeWater
 .bss.f_TimeIsSetWater
                0x20000a16        0x1 ./Core/Src/main.o
                0x20000a16                f_TimeIsSetWater
 .bss.new_CondSetDurationWater
                0x20000a17        0x1 ./Core/Src/main.o
                0x20000a17                new_CondSetDurationWater
 .bss.old_CondSetDurationWater
                0x20000a18        0x1 ./Core/Src/main.o
                0x20000a18                old_CondSetDurationWater
 .bss.f_TimeIsSetDurationWater
                0x20000a19        0x1 ./Core/Src/main.o
                0x20000a19                f_TimeIsSetDurationWater
 .bss.new_CondSetDaysWater
                0x20000a1a        0x1 ./Core/Src/main.o
                0x20000a1a                new_CondSetDaysWater
 .bss.old_CondSetDaysWater
                0x20000a1b        0x1 ./Core/Src/main.o
                0x20000a1b                old_CondSetDaysWater
 .bss.f_DaysWaterIsSet
                0x20000a1c        0x1 ./Core/Src/main.o
                0x20000a1c                f_DaysWaterIsSet
 .bss.f_WateringParamsChanged
                0x20000a1d        0x1 ./Core/Src/main.o
                0x20000a1d                f_WateringParamsChanged
 .bss.SecondsWatering
                0x20000a1e        0x2 ./Core/Src/main.o
                0x20000a1e                SecondsWatering
 .bss.f_StartWatering
                0x20000a20        0x1 ./Core/Src/main.o
                0x20000a20                f_StartWatering
 .bss.f_WaterDay
                0x20000a21        0x1 ./Core/Src/main.o
                0x20000a21                f_WaterDay
 *fill*         0x20000a22        0x2 
 .bss.NumberSetScreenOff
                0x20000a24        0x4 ./Core/Src/main.o
                0x20000a24                NumberSetScreenOff
 .bss.CurrentDigitSetScreenOff
                0x20000a28        0x1 ./Core/Src/main.o
                0x20000a28                CurrentDigitSetScreenOff
 .bss.CurrentNumberSetScreenOff
                0x20000a29        0x1 ./Core/Src/main.o
                0x20000a29                CurrentNumberSetScreenOff
 .bss.cnt_SetScreenOff
                0x20000a2a        0x1 ./Core/Src/main.o
                0x20000a2a                cnt_SetScreenOff
 .bss.f_StSetScreenOff
                0x20000a2b        0x1 ./Core/Src/main.o
                0x20000a2b                f_StSetScreenOff
 .bss.new_CondSetScreenOff
                0x20000a2c        0x1 ./Core/Src/main.o
                0x20000a2c                new_CondSetScreenOff
 .bss.old_CondSetScreenOff
                0x20000a2d        0x1 ./Core/Src/main.o
                0x20000a2d                old_CondSetScreenOff
 .bss.f_ScreenOffIsSet
                0x20000a2e        0x1 ./Core/Src/main.o
                0x20000a2e                f_ScreenOffIsSet
 .bss.f_ScreenOffChanged
                0x20000a2f        0x1 ./Core/Src/main.o
                0x20000a2f                f_ScreenOffChanged
 .bss.SecCheck  0x20000a30        0x2 ./Core/Src/main.o
                0x20000a30                SecCheck
 .bss.SecondsSleepMode_ARR
                0x20000a32        0x2 ./Core/Src/main.o
                0x20000a32                SecondsSleepMode_ARR
 .bss.f_WaterLevelSensorStateChanged
                0x20000a34        0x1 ./Core/Src/main.o
                0x20000a34                f_WaterLevelSensorStateChanged
 .bss.previous_frame_reset
                0x20000a35        0x1 ./Core/Src/main.o
                0x20000a35                previous_frame_reset
 .bss.previous_pos_cursor_reset
                0x20000a36        0x1 ./Core/Src/main.o
                0x20000a36                previous_pos_cursor_reset
 .bss.previous_frame_set
                0x20000a37        0x1 ./Core/Src/main.o
                0x20000a37                previous_frame_set
 .bss.previous_pos_cursor_set
                0x20000a38        0x1 ./Core/Src/main.o
                0x20000a38                previous_pos_cursor_set
 .bss.f_NotificationViewed28
                0x20000a39        0x1 ./Core/Src/main.o
                0x20000a39                f_NotificationViewed28
 .bss.prev_frame
                0x20000a3a        0x1 ./Core/Src/main.o
                0x20000a3a                prev_frame
 .bss.prev_pos_cursor
                0x20000a3b        0x1 ./Core/Src/main.o
                0x20000a3b                prev_pos_cursor
 .bss.current_frame
                0x20000a3c        0x1 ./Core/Src/main.o
                0x20000a3c                current_frame
 .bss.pos_cursor
                0x20000a3d        0x1 ./Core/Src/main.o
                0x20000a3d                pos_cursor
 .bss.str_lenght
                0x20000a3e        0x1 ./Core/Src/main.o
                0x20000a3e                str_lenght
 .bss.f_BlockDown
                0x20000a3f        0x1 ./Core/Src/main.o
                0x20000a3f                f_BlockDown
 .bss.f_BlockUp
                0x20000a40        0x1 ./Core/Src/main.o
                0x20000a40                f_BlockUp
 .bss.f_NoDrawCursor
                0x20000a41        0x1 ./Core/Src/main.o
                0x20000a41                f_NoDrawCursor
 *fill*         0x20000a42        0x2 
 .bss.poss_ix   0x20000a44        0x5 ./Core/Src/main.o
                0x20000a44                poss_ix
 .bss.new_frame
                0x20000a49        0x1 ./Core/Src/main.o
                0x20000a49                new_frame
 .bss.old_frame
                0x20000a4a        0x1 ./Core/Src/main.o
                0x20000a4a                old_frame
 .bss.f_FrameChanged
                0x20000a4b        0x1 ./Core/Src/main.o
                0x20000a4b                f_FrameChanged
 .bss.time      0x20000a4c        0x7 ./Core/Src/main.o
                0x20000a4c                time
 *fill*         0x20000a53        0x1 
 .bss.timeSetDate
                0x20000a54        0x7 ./Core/Src/main.o
                0x20000a54                timeSetDate
 *fill*         0x20000a5b        0x1 
 .bss.WateringParams
                0x20000a5c        0xc ./Core/Src/main.o
                0x20000a5c                WateringParams
 .bss.WateringParamsSet
                0x20000a68        0xc ./Core/Src/main.o
                0x20000a68                WateringParamsSet
 .bss.ScreenOff
                0x20000a74        0x8 ./Core/Src/main.o
                0x20000a74                ScreenOff
 .bss.ScreenOffSet
                0x20000a7c        0x8 ./Core/Src/main.o
                0x20000a7c                ScreenOffSet
 .bss.WaterLevelSensorState
                0x20000a84        0x8 ./Core/Src/main.o
                0x20000a84                WaterLevelSensorState
 .bss.f_SleepModeExit
                0x20000a8c        0x1 ./Core/Src/main.o
                0x20000a8c                f_SleepModeExit
 .bss.f_BlockButtons
                0x20000a8d        0x1 ./Core/Src/main.o
                0x20000a8d                f_BlockButtons
 .bss.f_SecondPress
                0x20000a8e        0x1 ./Core/Src/main.o
                0x20000a8e                f_SecondPress
 .bss.f_WaitSecondPress
                0x20000a8f        0x1 ./Core/Src/main.o
                0x20000a8f                f_WaitSecondPress
 .bss.adc_data  0x20000a90        0x4 ./Core/Src/main.o
                0x20000a90                adc_data
 .bss.adc_result_ch0
                0x20000a94       0x20 ./Core/Src/main.o
                0x20000a94                adc_result_ch0
 .bss.adc_result_ch1
                0x20000ab4       0x20 ./Core/Src/main.o
                0x20000ab4                adc_result_ch1
 .bss.adc_index
                0x20000ad4        0x1 ./Core/Src/main.o
                0x20000ad4                adc_index
 *fill*         0x20000ad5        0x1 
 .bss.mean_adc_ch0
                0x20000ad6        0x2 ./Core/Src/main.o
                0x20000ad6                mean_adc_ch0
 .bss.mean_adc_ch1
                0x20000ad8        0x2 ./Core/Src/main.o
                0x20000ad8                mean_adc_ch1
 .bss.f_AdcFull
                0x20000ada        0x1 ./Core/Src/main.o
                0x20000ada                f_AdcFull
 .bss.f_StartAnalyzingAdcData
                0x20000adb        0x1 ./Core/Src/main.o
                0x20000adb                f_StartAnalyzingAdcData